Archive member included to satisfy reference by file (symbol)

./libs/capsense/COMPONENT_SOFTFP/TOOLCHAIN_GCC_ARM/libcy_capsense.a(cy_capsense_smartsense_hw_lib.o)
                              E:/Cypress/TermTX/build/CY8CPROTO-062-4343W/Debug/libs/capsense/cy_capsense_sensing.o (Cy_CapSense_TunePrescalers_Lib)
./libs/capsense/COMPONENT_SOFTFP/TOOLCHAIN_GCC_ARM/libcy_capsense.a(cy_capsense_gesture_lib.o)
                              E:/Cypress/TermTX/build/CY8CPROTO-062-4343W/Debug/libs/capsense/cy_capsense_processing.o (Cy_CapSense_Gesture_ResetState)
./libs/capsense/COMPONENT_SOFTFP/TOOLCHAIN_GCC_ARM/libcy_capsense.a(cy_capsense_advanced_centroid_lib.o)
                              E:/Cypress/TermTX/build/CY8CPROTO-062-4343W/Debug/libs/capsense/cy_capsense_centroid.o (Cy_CapSense_AdvancedCentroidGetTouchCoordinates_Lib)
./libs/capsense/COMPONENT_SOFTFP/TOOLCHAIN_GCC_ARM/libcy_capsense.a(cy_capsense_smartsense_fw_lib.o)
                              E:/Cypress/TermTX/build/CY8CPROTO-062-4343W/Debug/libs/capsense/cy_capsense_processing.o (Cy_CapSense_UpdateThresholds_Lib)
c:/users/администратор/modustoolbox/tools_2.0/gcc-7.2.1/bin/../lib/gcc/arm-none-eabi/7.2.1/thumb/v7e-m/fpv4-sp/softfp\libgcc.a(_udivsi3.o)
                              ./libs/capsense/COMPONENT_SOFTFP/TOOLCHAIN_GCC_ARM/libcy_capsense.a(cy_capsense_smartsense_hw_lib.o) (__aeabi_uidiv)
c:/users/администратор/modustoolbox/tools_2.0/gcc-7.2.1/bin/../lib/gcc/arm-none-eabi/7.2.1/thumb/v7e-m/fpv4-sp/softfp\libgcc.a(_divsi3.o)
                              ./libs/capsense/COMPONENT_SOFTFP/TOOLCHAIN_GCC_ARM/libcy_capsense.a(cy_capsense_advanced_centroid_lib.o) (__aeabi_idiv)
c:/users/администратор/modustoolbox/tools_2.0/gcc-7.2.1/bin/../lib/gcc/arm-none-eabi/7.2.1/thumb/v7e-m/fpv4-sp/softfp\libgcc.a(_dvmd_tls.o)
                              c:/users/администратор/modustoolbox/tools_2.0/gcc-7.2.1/bin/../lib/gcc/arm-none-eabi/7.2.1/thumb/v7e-m/fpv4-sp/softfp\libgcc.a(_udivsi3.o) (__aeabi_idiv0)
c:/users/администратор/modustoolbox/tools_2.0/gcc-7.2.1/bin/../lib/gcc/arm-none-eabi/7.2.1/thumb/v7e-m/fpv4-sp/softfp\libgcc.a(_arm_addsubdf3.o)
                              E:/Cypress/TermTX/build/CY8CPROTO-062-4343W/Debug/libs/psoc6hal/src/cyhal_spi.o (__aeabi_dsub)
c:/users/администратор/modustoolbox/tools_2.0/gcc-7.2.1/bin/../lib/gcc/arm-none-eabi/7.2.1/thumb/v7e-m/fpv4-sp/softfp\libgcc.a(_arm_muldivdf3.o)
                              E:/Cypress/TermTX/build/CY8CPROTO-062-4343W/Debug/libs/psoc6hal/src/cyhal_spi.o (__aeabi_ddiv)
c:/users/администратор/modustoolbox/tools_2.0/gcc-7.2.1/bin/../lib/gcc/arm-none-eabi/7.2.1/thumb/v7e-m/fpv4-sp/softfp\libgcc.a(_arm_fixunsdfsi.o)
                              E:/Cypress/TermTX/build/CY8CPROTO-062-4343W/Debug/libs/psoc6hal/src/cyhal_spi.o (__aeabi_d2uiz)
c:/users/администратор/modustoolbox/tools_2.0/gcc-7.2.1/bin/../lib/gcc/arm-none-eabi/7.2.1/thumb/v7e-m/fpv4-sp/softfp\libgcc.a(_aeabi_ldivmod.o)
                              E:/Cypress/TermTX/build/CY8CPROTO-062-4343W/Debug/libs/psoc6pdl/drivers/source/cy_sar.o (__aeabi_ldivmod)
c:/users/администратор/modustoolbox/tools_2.0/gcc-7.2.1/bin/../lib/gcc/arm-none-eabi/7.2.1/thumb/v7e-m/fpv4-sp/softfp\libgcc.a(_aeabi_uldivmod.o)
                              E:/Cypress/TermTX/build/CY8CPROTO-062-4343W/Debug/libs/psoc6hal/src/cyhal_pwm.o (__aeabi_uldivmod)
c:/users/администратор/modustoolbox/tools_2.0/gcc-7.2.1/bin/../lib/gcc/arm-none-eabi/7.2.1/thumb/v7e-m/fpv4-sp/softfp\libgcc.a(_udivmoddi4.o)
                              c:/users/администратор/modustoolbox/tools_2.0/gcc-7.2.1/bin/../lib/gcc/arm-none-eabi/7.2.1/thumb/v7e-m/fpv4-sp/softfp\libgcc.a(_aeabi_ldivmod.o) (__udivmoddi4)
c:/users/администратор/modustoolbox/tools_2.0/gcc-7.2.1/bin/../lib/gcc/arm-none-eabi/7.2.1/../../../../arm-none-eabi/lib/thumb/v7e-m/fpv4-sp/softfp\libg_nano.a(lib_a-exit.o)
                              c:/users/администратор/modustoolbox/tools_2.0/gcc-7.2.1/bin/../lib/gcc/arm-none-eabi/7.2.1/../../../../arm-none-eabi/lib/thumb/v7e-m/fpv4-sp/softfp/crt0.o (exit)
c:/users/администратор/modustoolbox/tools_2.0/gcc-7.2.1/bin/../lib/gcc/arm-none-eabi/7.2.1/../../../../arm-none-eabi/lib/thumb/v7e-m/fpv4-sp/softfp\libg_nano.a(lib_a-fini.o)
                              E:/Cypress/TermTX/build/CY8CPROTO-062-4343W/Debug/libs/TARGET_CY8CPROTO-062-4343W/startup/TOOLCHAIN_GCC_ARM/startup_psoc6_02_cm4.o (__libc_fini_array)
c:/users/администратор/modustoolbox/tools_2.0/gcc-7.2.1/bin/../lib/gcc/arm-none-eabi/7.2.1/../../../../arm-none-eabi/lib/thumb/v7e-m/fpv4-sp/softfp\libg_nano.a(lib_a-impure.o)
                              c:/users/администратор/modustoolbox/tools_2.0/gcc-7.2.1/bin/../lib/gcc/arm-none-eabi/7.2.1/../../../../arm-none-eabi/lib/thumb/v7e-m/fpv4-sp/softfp\libg_nano.a(lib_a-exit.o) (_global_impure_ptr)
c:/users/администратор/modustoolbox/tools_2.0/gcc-7.2.1/bin/../lib/gcc/arm-none-eabi/7.2.1/../../../../arm-none-eabi/lib/thumb/v7e-m/fpv4-sp/softfp\libg_nano.a(lib_a-init.o)
[...]
Memory Configuration

Name             Origin             Length             Attributes
ram              0x08002000         0x000fd800         xrw
flash            0x10000000         0x00200000         xr
em_eeprom        0x14000000         0x00008000         xr
sflash_user_data 0x16000800         0x00000800         xr
sflash_nar       0x16001a00         0x00000200         xr
sflash_public_key 0x16005a00         0x00000c00         xr
sflash_toc_2     0x16007c00         0x00000200         xr
sflash_rtoc_2    0x16007e00         0x00000200         xr
xip              0x18000000         0x08000000         xr
efuse            0x90700000         0x00100000         r
*default*        0x00000000         0xffffffff

Linker script and memory map

LOAD c:/users/администратор/modustoolbox/tools_2.0/gcc-7.2.1/bin/../lib/gcc/arm-none-eabi/7.2.1/thumb/v7e-m/fpv4-sp/softfp/crti.o
LOAD c:/users/администратор/modustoolbox/tools_2.0/gcc-7.2.1/bin/../lib/gcc/arm-none-eabi/7.2.1/thumb/v7e-m/fpv4-sp/softfp/crtbegin.o
LOAD c:/users/администратор/modustoolbox/tools_2.0/gcc-7.2.1/bin/../lib/gcc/arm-none-eabi/7.2.1/../../../../arm-none-eabi/lib/thumb/v7e-m/fpv4-sp/softfp/crt0.o
LOAD E:/Cypress/TermTX/build/CY8CPROTO-062-4343W/Debug/libs/TARGET_CY8CPROTO-062-4343W/startup/TOOLCHAIN_GCC_ARM/startup_psoc6_02_cm4.o
LOAD E:/Cypress/TermTX/build/CY8CPROTO-062-4343W/Debug/libs/psoc6pdl/drivers/source/TOOLCHAIN_GCC_ARM/cy_syslib_gcc.o
LOAD E:/Cypress/TermTX/build/CY8CPROTO-062-4343W/Debug/libs/TARGET_CY8CPROTO-062-4343W/COMPONENT_BSP_DESIGN_MODUS/GeneratedSource/cycfg.o
LOAD E:/Cypress/TermTX/build/CY8CPROTO-062-4343W/Debug/libs/TARGET_CY8CPROTO-062-4343W/COMPONENT_BSP_DESIGN_MODUS/GeneratedSource/cycfg_capsense.o
LOAD E:/Cypress/TermTX/build/CY8CPROTO-062-4343W/Debug/libs/TARGET_CY8CPROTO-062-4343W/COMPONENT_BSP_DESIGN_MODUS/GeneratedSource/cycfg_clocks.o
LOAD E:/Cypress/TermTX/build/CY8CPROTO-062-4343W/Debug/libs/TARGET_CY8CPROTO-062-4343W/COMPONENT_BSP_DESIGN_MODUS/GeneratedSource/cycfg_peripherals.o
LOAD E:/Cypress/TermTX/build/CY8CPROTO-062-4343W/Debug/libs/TARGET_CY8CPROTO-062-4343W/COMPONENT_BSP_DESIGN_MODUS/GeneratedSource/cycfg_pins.o
LOAD E:/Cypress/TermTX/build/CY8CPROTO-062-4343W/Debug/libs/TARGET_CY8CPROTO-062-4343W/COMPONENT_BSP_DESIGN_MODUS/GeneratedSource/cycfg_qspi_memslot.o
LOAD E:/Cypress/TermTX/build/CY8CPROTO-062-4343W/Debug/libs/TARGET_CY8CPROTO-062-4343W/COMPONENT_BSP_DESIGN_MODUS/GeneratedSource/cycfg_routing.o
LOAD E:/Cypress/TermTX/build/CY8CPROTO-062-4343W/Debug/libs/TARGET_CY8CPROTO-062-4343W/COMPONENT_BSP_DESIGN_MODUS/GeneratedSource/cycfg_system.o
LOAD E:/Cypress/TermTX/build/CY8CPROTO-062-4343W/Debug/libs/TARGET_CY8CPROTO-062-4343W/cybsp.o
LOAD E:/Cypress/TermTX/build/CY8CPROTO-062-4343W/Debug/libs/TARGET_CY8CPROTO-062-4343W/startup/system_psoc6_cm4.o
LOAD E:/Cypress/TermTX/build/CY8CPROTO-062-4343W/Debug/libs/capsense/cy_capsense_centroid.o
LOAD E:/Cypress/TermTX/build/CY8CPROTO-062-4343W/Debug/libs/capsense/cy_capsense_control.o
LOAD E:/Cypress/TermTX/build/CY8CPROTO-062-4343W/Debug/libs/capsense/cy_capsense_csd.o
LOAD E:/Cypress/TermTX/build/CY8CPROTO-062-4343W/Debug/libs/capsense/cy_capsense_csx.o
LOAD E:/Cypress/TermTX/build/CY8CPROTO-062-4343W/Debug/libs/capsense/cy_capsense_filter.o
LOAD E:/Cypress/TermTX/build/CY8CPROTO-062-4343W/Debug/libs/capsense/cy_capsense_processing.o
LOAD E:/Cypress/TermTX/build/CY8CPROTO-062-4343W/Debug/libs/capsense/cy_capsense_sensing.o
LOAD E:/Cypress/TermTX/build/CY8CPROTO-062-4343W/Debug/libs/capsense/cy_capsense_structure.o
LOAD E:/Cypress/TermTX/build/CY8CPROTO-062-4343W/Debug/libs/capsense/cy_capsense_tuner.o
LOAD E:/Cypress/TermTX/build/CY8CPROTO-062-4343W/Debug/libs/csdadc/cy_csdadc.o
LOAD E:/Cypress/TermTX/build/CY8CPROTO-062-4343W/Debug/libs/csdidac/cy_csdidac.o
LOAD E:/Cypress/TermTX/build/CY8CPROTO-062-4343W/Debug/libs/psoc6cm0p/COMPONENT_CM0P_SLEEP/psoc6_01_cm0p_sleep.o
LOAD E:/Cypress/TermTX/build/CY8CPROTO-062-4343W/Debug/libs/psoc6cm0p/COMPONENT_CM0P_SLEEP/psoc6_02_cm0p_sleep.o
LOAD E:/Cypress/TermTX/build/CY8CPROTO-062-4343W/Debug/libs/psoc6cm0p/COMPONENT_CM0P_SLEEP/psoc6_03_cm0p_sleep.o
LOAD E:/Cypress/TermTX/build/CY8CPROTO-062-4343W/Debug/libs/psoc6hal/src/cyhal_adc.o
LOAD E:/Cypress/TermTX/build/CY8CPROTO-062-4343W/Debug/libs/psoc6hal/src/cyhal_analog_common.o
LOAD E:/Cypress/TermTX/build/CY8CPROTO-062-4343W/Debug/libs/psoc6hal/src/cyhal_crc.o
LOAD E:/Cypress/TermTX/build/CY8CPROTO-062-4343W/Debug/libs/psoc6hal/src/cyhal_crypto_common.o
LOAD E:/Cypress/TermTX/build/CY8CPROTO-062-4343W/Debug/libs/psoc6hal/src/cyhal_dac.o
LOAD E:/Cypress/TermTX/build/CY8CPROTO-062-4343W/Debug/libs/psoc6hal/src/cyhal_flash.o
LOAD E:/Cypress/TermTX/build/CY8CPROTO-062-4343W/Debug/libs/psoc6hal/src/cyhal_gpio.o
LOAD E:/Cypress/TermTX/build/CY8CPROTO-062-4343W/Debug/libs/psoc6hal/src/cyhal_hwmgr.o
LOAD E:/Cypress/TermTX/build/CY8CPROTO-062-4343W/Debug/libs/psoc6hal/src/cyhal_i2c.o
LOAD E:/Cypress/TermTX/build/CY8CPROTO-062-4343W/Debug/libs/psoc6hal/src/cyhal_interconnect.o
LOAD E:/Cypress/TermTX/build/CY8CPROTO-062-4343W/Debug/libs/psoc6hal/src/cyhal_lptimer.o
LOAD E:/Cypress/TermTX/build/CY8CPROTO-062-4343W/Debug/libs/psoc6hal/src/cyhal_not_implemented.o
LOAD E:/Cypress/TermTX/build/CY8CPROTO-062-4343W/Debug/libs/psoc6hal/src/cyhal_pwm.o
LOAD E:/Cypress/TermTX/build/CY8CPROTO-062-4343W/Debug/libs/psoc6hal/src/cyhal_qspi.o
LOAD E:/Cypress/TermTX/build/CY8CPROTO-062-4343W/Debug/libs/psoc6hal/src/cyhal_rtc.o
LOAD E:/Cypress/TermTX/build/CY8CPROTO-062-4343W/Debug/libs/psoc6hal/src/cyhal_scb_common.o
LOAD E:/Cypress/TermTX/build/CY8CPROTO-062-4343W/Debug/libs/psoc6hal/src/cyhal_sdhc.o
LOAD E:/Cypress/TermTX/build/CY8CPROTO-062-4343W/Debug/libs/psoc6hal/src/cyhal_spi.o
LOAD E:/Cypress/TermTX/build/CY8CPROTO-062-4343W/Debug/libs/psoc6hal/src/cyhal_system.o
LOAD E:/Cypress/TermTX/build/CY8CPROTO-062-4343W/Debug/libs/psoc6hal/src/cyhal_tcpwm_common.o
LOAD E:/Cypress/TermTX/build/CY8CPROTO-062-4343W/Debug/libs/psoc6hal/src/cyhal_timer.o
LOAD E:/Cypress/TermTX/build/CY8CPROTO-062-4343W/Debug/libs/psoc6hal/src/cyhal_trng.o
LOAD E:/Cypress/TermTX/build/CY8CPROTO-062-4343W/Debug/libs/psoc6hal/src/cyhal_uart.o
LOAD E:/Cypress/TermTX/build/CY8CPROTO-062-4343W/Debug/libs/psoc6hal/src/cyhal_udb_sdio.o
LOAD E:/Cypress/TermTX/build/CY8CPROTO-062-4343W/Debug/libs/psoc6hal/src/cyhal_usb_dev.o
LOAD E:/Cypress/TermTX/build/CY8CPROTO-062-4343W/Debug/libs/psoc6hal/src/cyhal_utils.o
LOAD E:/Cypress/TermTX/build/CY8CPROTO-062-4343W/Debug/libs/psoc6hal/src/cyhal_wdt.o
LOAD E:/Cypress/TermTX/build/CY8CPROTO-062-4343W/Debug/libs/psoc6hal/src/pin_packages/cyhal_psoc6_01_104_m_csp_ble.o
LOAD E:/Cypress/TermTX/build/CY8CPROTO-062-4343W/Debug/libs/psoc6hal/src/pin_packages/cyhal_psoc6_01_104_m_csp_ble_usb.o
LOAD E:/Cypress/TermTX/build/CY8CPROTO-062-4343W/Debug/libs/psoc6hal/src/pin_packages/cyhal_psoc6_01_116_bga_ble.o
LOAD E:/Cypress/TermTX/build/CY8CPROTO-062-4343W/Debug/libs/psoc6hal/src/pin_packages/cyhal_psoc6_01_116_bga_usb.o
LOAD E:/Cypress/TermTX/build/CY8CPROTO-062-4343W/Debug/libs/psoc6hal/src/pin_packages/cyhal_psoc6_01_124_bga.o
LOAD E:/Cypress/TermTX/build/CY8CPROTO-062-4343W/Debug/libs/psoc6hal/src/pin_packages/cyhal_psoc6_01_124_bga_sip.o
LOAD E:/Cypress/TermTX/build/CY8CPROTO-062-4343W/Debug/libs/psoc6hal/src/pin_packages/cyhal_psoc6_01_43_smt.o
LOAD E:/Cypress/TermTX/build/CY8CPROTO-062-4343W/Debug/libs/psoc6hal/src/pin_packages/cyhal_psoc6_01_68_qfn_ble.o
LOAD E:/Cypress/TermTX/build/CY8CPROTO-062-4343W/Debug/libs/psoc6hal/src/pin_packages/cyhal_psoc6_01_80_wlcsp.o
LOAD E:/Cypress/TermTX/build/CY8CPROTO-062-4343W/Debug/libs/psoc6hal/src/pin_packages/cyhal_psoc6_02_100_wlcsp.o
LOAD E:/Cypress/TermTX/build/CY8CPROTO-062-4343W/Debug/libs/psoc6hal/src/pin_packages/cyhal_psoc6_02_124_bga.o
LOAD E:/Cypress/TermTX/build/CY8CPROTO-062-4343W/Debug/libs/psoc6hal/src/pin_packages/cyhal_psoc6_02_128_tqfp.o
LOAD E:/Cypress/TermTX/build/CY8CPROTO-062-4343W/Debug/libs/psoc6hal/src/pin_packages/cyhal_psoc6_02_68_qfn.o
LOAD E:/Cypress/TermTX/build/CY8CPROTO-062-4343W/Debug/libs/psoc6hal/src/pin_packages/cyhal_psoc6_03_100_tqfp.o
LOAD E:/Cypress/TermTX/build/CY8CPROTO-062-4343W/Debug/libs/psoc6hal/src/pin_packages/cyhal_psoc6_03_49_wlcsp.o
LOAD E:/Cypress/TermTX/build/CY8CPROTO-062-4343W/Debug/libs/psoc6hal/src/pin_packages/cyhal_psoc6_03_68_qfn.o
LOAD E:/Cypress/TermTX/build/CY8CPROTO-062-4343W/Debug/libs/psoc6pdl/drivers/source/cy_ble_clk.o
LOAD E:/Cypress/TermTX/build/CY8CPROTO-062-4343W/Debug/libs/psoc6pdl/drivers/source/cy_canfd.o
LOAD E:/Cypress/TermTX/build/CY8CPROTO-062-4343W/Debug/libs/psoc6pdl/drivers/source/cy_crypto.o
LOAD E:/Cypress/TermTX/build/CY8CPROTO-062-4343W/Debug/libs/psoc6pdl/drivers/source/cy_crypto_core_aes_v1.o
LOAD E:/Cypress/TermTX/build/CY8CPROTO-062-4343W/Debug/libs/psoc6pdl/drivers/source/cy_crypto_core_aes_v2.o
LOAD E:/Cypress/TermTX/build/CY8CPROTO-062-4343W/Debug/libs/psoc6pdl/drivers/source/cy_crypto_core_cmac_v1.o
LOAD E:/Cypress/TermTX/build/CY8CPROTO-062-4343W/Debug/libs/psoc6pdl/drivers/source/cy_crypto_core_cmac_v2.o
LOAD E:/Cypress/TermTX/build/CY8CPROTO-062-4343W/Debug/libs/psoc6pdl/drivers/source/cy_crypto_core_crc_v1.o
LOAD E:/Cypress/TermTX/build/CY8CPROTO-062-4343W/Debug/libs/psoc6pdl/drivers/source/cy_crypto_core_crc_v2.o
LOAD E:/Cypress/TermTX/build/CY8CPROTO-062-4343W/Debug/libs/psoc6pdl/drivers/source/cy_crypto_core_des_v1.o
LOAD E:/Cypress/TermTX/build/CY8CPROTO-062-4343W/Debug/libs/psoc6pdl/drivers/source/cy_crypto_core_des_v2.o
LOAD E:/Cypress/TermTX/build/CY8CPROTO-062-4343W/Debug/libs/psoc6pdl/drivers/source/cy_crypto_core_ecc_domain_params.o
LOAD E:/Cypress/TermTX/build/CY8CPROTO-062-4343W/Debug/libs/psoc6pdl/drivers/source/cy_crypto_core_ecc_ecdsa.o
LOAD E:/Cypress/TermTX/build/CY8CPROTO-062-4343W/Debug/libs/psoc6pdl/drivers/source/cy_crypto_core_ecc_key_gen.o
LOAD E:/Cypress/TermTX/build/CY8CPROTO-062-4343W/Debug/libs/psoc6pdl/drivers/source/cy_crypto_core_ecc_nist_p.o
LOAD E:/Cypress/TermTX/build/CY8CPROTO-062-4343W/Debug/libs/psoc6pdl/drivers/source/cy_crypto_core_hmac_v1.o
LOAD E:/Cypress/TermTX/build/CY8CPROTO-062-4343W/Debug/libs/psoc6pdl/drivers/source/cy_crypto_core_hmac_v2.o
LOAD E:/Cypress/TermTX/build/CY8CPROTO-062-4343W/Debug/libs/psoc6pdl/drivers/source/cy_crypto_core_hw.o
LOAD E:/Cypress/TermTX/build/CY8CPROTO-062-4343W/Debug/libs/psoc6pdl/drivers/source/cy_crypto_core_hw_v1.o
LOAD E:/Cypress/TermTX/build/CY8CPROTO-062-4343W/Debug/libs/psoc6pdl/drivers/source/cy_crypto_core_mem_v1.o
LOAD E:/Cypress/TermTX/build/CY8CPROTO-062-4343W/Debug/libs/psoc6pdl/drivers/source/cy_crypto_core_mem_v2.o
LOAD E:/Cypress/TermTX/build/CY8CPROTO-062-4343W/Debug/libs/psoc6pdl/drivers/source/cy_crypto_core_prng_v1.o
LOAD E:/Cypress/TermTX/build/CY8CPROTO-062-4343W/Debug/libs/psoc6pdl/drivers/source/cy_crypto_core_prng_v2.o
LOAD E:/Cypress/TermTX/build/CY8CPROTO-062-4343W/Debug/libs/psoc6pdl/drivers/source/cy_crypto_core_rsa.o
LOAD E:/Cypress/TermTX/build/CY8CPROTO-062-4343W/Debug/libs/psoc6pdl/drivers/source/cy_crypto_core_sha_v1.o
LOAD E:/Cypress/TermTX/build/CY8CPROTO-062-4343W/Debug/libs/psoc6pdl/drivers/source/cy_crypto_core_sha_v2.o
LOAD E:/Cypress/TermTX/build/CY8CPROTO-062-4343W/Debug/libs/psoc6pdl/drivers/source/cy_crypto_core_trng_v1.o
LOAD E:/Cypress/TermTX/build/CY8CPROTO-062-4343W/Debug/libs/psoc6pdl/drivers/source/cy_crypto_core_trng_v2.o
LOAD E:/Cypress/TermTX/build/CY8CPROTO-062-4343W/Debug/libs/psoc6pdl/drivers/source/cy_crypto_core_vu.o
LOAD E:/Cypress/TermTX/build/CY8CPROTO-062-4343W/Debug/libs/psoc6pdl/drivers/source/cy_crypto_server.o
LOAD E:/Cypress/TermTX/build/CY8CPROTO-062-4343W/Debug/libs/psoc6pdl/drivers/source/cy_csd.o
LOAD E:/Cypress/TermTX/build/CY8CPROTO-062-4343W/Debug/libs/psoc6pdl/drivers/source/cy_ctb.o
LOAD E:/Cypress/TermTX/build/CY8CPROTO-062-4343W/Debug/libs/psoc6pdl/drivers/source/cy_ctdac.o
LOAD E:/Cypress/TermTX/build/CY8CPROTO-062-4343W/Debug/libs/psoc6pdl/drivers/source/cy_device.o
LOAD E:/Cypress/TermTX/build/CY8CPROTO-062-4343W/Debug/libs/psoc6pdl/drivers/source/cy_dma.o
LOAD E:/Cypress/TermTX/build/CY8CPROTO-062-4343W/Debug/libs/psoc6pdl/drivers/source/cy_dmac.o
LOAD E:/Cypress/TermTX/build/CY8CPROTO-062-4343W/Debug/libs/psoc6pdl/drivers/source/cy_efuse.o
LOAD E:/Cypress/TermTX/build/CY8CPROTO-062-4343W/Debug/libs/psoc6pdl/drivers/source/cy_flash.o
LOAD E:/Cypress/TermTX/build/CY8CPROTO-062-4343W/Debug/libs/psoc6pdl/drivers/source/cy_gpio.o
LOAD E:/Cypress/TermTX/build/CY8CPROTO-062-4343W/Debug/libs/psoc6pdl/drivers/source/cy_i2s.o
LOAD E:/Cypress/TermTX/build/CY8CPROTO-062-4343W/Debug/libs/psoc6pdl/drivers/source/cy_ipc_drv.o
LOAD E:/Cypress/TermTX/build/CY8CPROTO-062-4343W/Debug/libs/psoc6pdl/drivers/source/cy_ipc_pipe.o
LOAD E:/Cypress/TermTX/build/CY8CPROTO-062-4343W/Debug/libs/psoc6pdl/drivers/source/cy_ipc_sema.o
LOAD E:/Cypress/TermTX/build/CY8CPROTO-062-4343W/Debug/libs/psoc6pdl/drivers/source/cy_lpcomp.o
LOAD E:/Cypress/TermTX/build/CY8CPROTO-062-4343W/Debug/libs/psoc6pdl/drivers/source/cy_lvd.o
LOAD E:/Cypress/TermTX/build/CY8CPROTO-062-4343W/Debug/libs/psoc6pdl/drivers/source/cy_mcwdt.o
LOAD E:/Cypress/TermTX/build/CY8CPROTO-062-4343W/Debug/libs/psoc6pdl/drivers/source/cy_pdm_pcm.o
LOAD E:/Cypress/TermTX/build/CY8CPROTO-062-4343W/Debug/libs/psoc6pdl/drivers/source/cy_profile.o
LOAD E:/Cypress/TermTX/build/CY8CPROTO-062-4343W/Debug/libs/psoc6pdl/drivers/source/cy_prot.o
LOAD E:/Cypress/TermTX/build/CY8CPROTO-062-4343W/Debug/libs/psoc6pdl/drivers/source/cy_rtc.o
LOAD E:/Cypress/TermTX/build/CY8CPROTO-062-4343W/Debug/libs/psoc6pdl/drivers/source/cy_sar.o
LOAD E:/Cypress/TermTX/build/CY8CPROTO-062-4343W/Debug/libs/psoc6pdl/drivers/source/cy_scb_common.o
LOAD E:/Cypress/TermTX/build/CY8CPROTO-062-4343W/Debug/libs/psoc6pdl/drivers/source/cy_scb_ezi2c.o
LOAD E:/Cypress/TermTX/build/CY8CPROTO-062-4343W/Debug/libs/psoc6pdl/drivers/source/cy_scb_i2c.o
LOAD E:/Cypress/TermTX/build/CY8CPROTO-062-4343W/Debug/libs/psoc6pdl/drivers/source/cy_scb_spi.o
LOAD E:/Cypress/TermTX/build/CY8CPROTO-062-4343W/Debug/libs/psoc6pdl/drivers/source/cy_scb_uart.o
LOAD E:/Cypress/TermTX/build/CY8CPROTO-062-4343W/Debug/libs/psoc6pdl/drivers/source/cy_sd_host.o
LOAD E:/Cypress/TermTX/build/CY8CPROTO-062-4343W/Debug/libs/psoc6pdl/drivers/source/cy_seglcd.o
LOAD E:/Cypress/TermTX/build/CY8CPROTO-062-4343W/Debug/libs/psoc6pdl/drivers/source/cy_smartio.o
LOAD E:/Cypress/TermTX/build/CY8CPROTO-062-4343W/Debug/libs/psoc6pdl/drivers/source/cy_smif.o
LOAD E:/Cypress/TermTX/build/CY8CPROTO-062-4343W/Debug/libs/psoc6pdl/drivers/source/cy_smif_memslot.o
LOAD E:/Cypress/TermTX/build/CY8CPROTO-062-4343W/Debug/libs/psoc6pdl/drivers/source/cy_sysanalog.o
LOAD E:/Cypress/TermTX/build/CY8CPROTO-062-4343W/Debug/libs/psoc6pdl/drivers/source/cy_sysclk.o
LOAD E:/Cypress/TermTX/build/CY8CPROTO-062-4343W/Debug/libs/psoc6pdl/drivers/source/cy_sysint.o
LOAD E:/Cypress/TermTX/build/CY8CPROTO-062-4343W/Debug/libs/psoc6pdl/drivers/source/cy_syslib.o
LOAD E:/Cypress/TermTX/build/CY8CPROTO-062-4343W/Debug/libs/psoc6pdl/drivers/source/cy_syspm.o
LOAD E:/Cypress/TermTX/build/CY8CPROTO-062-4343W/Debug/libs/psoc6pdl/drivers/source/cy_systick.o
LOAD E:/Cypress/TermTX/build/CY8CPROTO-062-4343W/Debug/libs/psoc6pdl/drivers/source/cy_tcpwm_counter.o
LOAD E:/Cypress/TermTX/build/CY8CPROTO-062-4343W/Debug/libs/psoc6pdl/drivers/source/cy_tcpwm_pwm.o
LOAD E:/Cypress/TermTX/build/CY8CPROTO-062-4343W/Debug/libs/psoc6pdl/drivers/source/cy_tcpwm_quaddec.o
LOAD E:/Cypress/TermTX/build/CY8CPROTO-062-4343W/Debug/libs/psoc6pdl/drivers/source/cy_trigmux.o
LOAD E:/Cypress/TermTX/build/CY8CPROTO-062-4343W/Debug/libs/psoc6pdl/drivers/source/cy_usbfs_dev_drv.o
LOAD E:/Cypress/TermTX/build/CY8CPROTO-062-4343W/Debug/libs/psoc6pdl/drivers/source/cy_usbfs_dev_drv_io.o
LOAD E:/Cypress/TermTX/build/CY8CPROTO-062-4343W/Debug/libs/psoc6pdl/drivers/source/cy_usbfs_dev_drv_io_dma.o
LOAD E:/Cypress/TermTX/build/CY8CPROTO-062-4343W/Debug/libs/psoc6pdl/drivers/source/cy_wdt.o
LOAD E:/Cypress/TermTX/build/CY8CPROTO-062-4343W/Debug/libs/retarget-io/cy_retarget_io.o
LOAD E:/Cypress/TermTX/build/CY8CPROTO-062-4343W/Debug/libs/serial-flash/cy_serial_flash_prog.o
LOAD E:/Cypress/TermTX/build/CY8CPROTO-062-4343W/Debug/libs/serial-flash/cy_serial_flash_qspi.o
LOAD E:/Cypress/TermTX/build/CY8CPROTO-062-4343W/Debug/main.o
START GROUP
LOAD ./libs/capsense/COMPONENT_SOFTFP/TOOLCHAIN_GCC_ARM/libcy_capsense.a
END GROUP
LOAD c:/users/администратор/modustoolbox/tools_2.0/gcc-7.2.1/bin/../lib/gcc/arm-none-eabi/7.2.1/../../../../arm-none-eabi/lib/thumb/v7e-m/fpv4-sp/softfp\libstdc++_nano.a
LOAD c:/users/администратор/modustoolbox/tools_2.0/gcc-7.2.1/bin/../lib/gcc/arm-none-eabi/7.2.1/../../../../arm-none-eabi/lib/thumb/v7e-m/fpv4-sp/softfp\libm.a
START GROUP
LOAD c:/users/администратор/modustoolbox/tools_2.0/gcc-7.2.1/bin/../lib/gcc/arm-none-eabi/7.2.1/thumb/v7e-m/fpv4-sp/softfp\libgcc.a
LOAD c:/users/администратор/modustoolbox/tools_2.0/gcc-7.2.1/bin/../lib/gcc/arm-none-eabi/7.2.1/../../../../arm-none-eabi/lib/thumb/v7e-m/fpv4-sp/softfp\libg_nano.a
LOAD c:/users/администратор/modustoolbox/tools_2.0/gcc-7.2.1/bin/../lib/gcc/arm-none-eabi/7.2.1/../../../../arm-none-eabi/lib/thumb/v7e-m/fpv4-sp/softfp\libc_nano.a
END GROUP
START GROUP
LOAD c:/users/администратор/modustoolbox/tools_2.0/gcc-7.2.1/bin/../lib/gcc/arm-none-eabi/7.2.1/thumb/v7e-m/fpv4-sp/softfp\libgcc.a
LOAD c:/users/администратор/modustoolbox/tools_2.0/gcc-7.2.1/bin/../lib/gcc/arm-none-eabi/7.2.1/../../../../arm-none-eabi/lib/thumb/v7e-m/fpv4-sp/softfp\libc_nano.a
END GROUP
LOAD c:/users/администратор/modustoolbox/tools_2.0/gcc-7.2.1/bin/../lib/gcc/arm-none-eabi/7.2.1/thumb/v7e-m/fpv4-sp/softfp/crtend.o
LOAD c:/users/администратор/modustoolbox/tools_2.0/gcc-7.2.1/bin/../lib/gcc/arm-none-eabi/7.2.1/thumb/v7e-m/fpv4-sp/softfp/crtn.o
START GROUP
LOAD c:/users/администратор/modustoolbox/tools_2.0/gcc-7.2.1/bin/../lib/gcc/arm-none-eabi/7.2.1/thumb/v7e-m/fpv4-sp/softfp\libgcc.a
LOAD c:/users/администратор/modustoolbox/tools_2.0/gcc-7.2.1/bin/../lib/gcc/arm-none-eabi/7.2.1/../../../../arm-none-eabi/lib/thumb/v7e-m/fpv4-sp/softfp\libc.a
LOAD c:/users/администратор/modustoolbox/tools_2.0/gcc-7.2.1/bin/../lib/gcc/arm-none-eabi/7.2.1/../../../../arm-none-eabi/lib/thumb/v7e-m/fpv4-sp/softfp\libnosys.a
END GROUP
                0x00001000                STACK_SIZE = 0x1000
                0x00002000                FLASH_CM0P_SIZE = 0x2000
START GROUP
LOAD c:/users/администратор/modustoolbox/tools_2.0/gcc-7.2.1/bin/../lib/gcc/arm-none-eabi/7.2.1/thumb/v7e-m/fpv4-sp/softfp\libgcc.a
LOAD c:/users/администратор/modustoolbox/tools_2.0/gcc-7.2.1/bin/../lib/gcc/arm-none-eabi/7.2.1/../../../../arm-none-eabi/lib/thumb/v7e-m/fpv4-sp/softfp\libc.a
LOAD c:/users/администратор/modustoolbox/tools_2.0/gcc-7.2.1/bin/../lib/gcc/arm-none-eabi/7.2.1/../../../../arm-none-eabi/lib/thumb/v7e-m/fpv4-sp/softfp\libm.a
LOAD c:/users/администратор/modustoolbox/tools_2.0/gcc-7.2.1/bin/../lib/gcc/arm-none-eabi/7.2.1/../../../../arm-none-eabi/lib/thumb/v7e-m/fpv4-sp/softfp\libnosys.a
END GROUP

.cy_m0p_image   0x10000000     0x13cc
                0x10000000                . = ALIGN (0x4)
                0x10000000                __cy_m0p_code_start = .
 *(.cy_m0p_image)
 .cy_m0p_image  0x10000000     0x13cc E:/Cypress/TermTX/build/CY8CPROTO-062-4343W/Debug/libs/psoc6cm0p/COMPONENT_CM0P_SLEEP/psoc6_02_cm0p_sleep.o
                0x10000000                cy_m0p_image
                0x100013cc                __cy_m0p_code_end = .
                0x00000001                ASSERT ((__cy_m0p_code_end <= (ORIGIN (flash) + FLASH_CM0P_SIZE)), CM0+ flash image overflows with CM4, increase FLASH_CM0P_SIZE)

.text           0x10002000     0x943c
                0x10002000                . = ALIGN (0x4)
                0x10002000                __Vectors = .
 *(.vectors)
 .vectors       0x10002000      0x2e0 E:/Cypress/TermTX/build/CY8CPROTO-062-4343W/Debug/libs/TARGET_CY8CPROTO-062-4343W/startup/TOOLCHAIN_GCC_ARM/startup_psoc6_02_cm4.o
                0x100022e0                . = ALIGN (0x4)
                0x100022e0                __Vectors_End = .
                0x000002e0                __Vectors_Size = (__Vectors_End - __Vectors)
                0x100022e0                __end__ = .
                0x100022e0                . = ALIGN (0x4)
 *(.text*)
 .text          0x100022e0       0x40 c:/users/администратор/modustoolbox/tools_2.0/gcc-7.2.1/bin/../lib/gcc/arm-none-eabi/7.2.1/thumb/v7e-m/fpv4-sp/softfp/crtbegin.o
 .text          0x10002320       0x94 E:/Cypress/TermTX/build/CY8CPROTO-062-4343W/Debug/libs/TARGET_CY8CPROTO-062-4343W/startup/TOOLCHAIN_GCC_ARM/startup_psoc6_02_cm4.o
                0x10002320                Cy_OnResetUser
                0x10002322                cy_toolchain_init
                0x10002324                Reset_Handler
                0x10002394                cpuss_interrupts_dw1_28_IRQHandler
                0x10002394                cpuss_interrupts_ipc_6_IRQHandler
                0x10002394                DebugMon_Handler
                0x10002394                tcpwm_1_interrupts_11_IRQHandler
                0x10002394                cpuss_interrupts_dw1_24_IRQHandler
                0x10002394                cpuss_interrupts_ipc_0_IRQHandler
                0x10002394                tcpwm_1_interrupts_15_IRQHandler
                0x10002394                cpuss_interrupts_dw0_23_IRQHandler
                0x10002394                cpuss_interrupts_dw1_18_IRQHandler
                0x10002394                cpuss_interrupts_dw1_21_IRQHandler
                0x10002394                tcpwm_1_interrupts_13_IRQHandler
                0x10002394                cpuss_interrupts_dw1_8_IRQHandler
                0x10002394                tcpwm_0_interrupts_0_IRQHandler
                0x10002394                SysTick_Handler
                0x10002394                cpuss_interrupt_fm_IRQHandler
                0x10002394                cpuss_interrupts_ipc_7_IRQHandler
                0x10002394                tcpwm_1_interrupts_14_IRQHandler
                0x10002394                cpuss_interrupts_dmac_0_IRQHandler
                0x10002394                cpuss_interrupts_dw0_11_IRQHandler
                0x10002394                tcpwm_1_interrupts_9_IRQHandler
                0x10002394                cpuss_interrupts_cm0_cti_1_IRQHandler
                0x10002394                tcpwm_1_interrupts_22_IRQHandler
                0x10002394                cpuss_interrupts_dw0_4_IRQHandler
                0x10002394                PendSV_Handler
                0x10002394                NMI_Handler
                0x10002394                scb_10_interrupt_IRQHandler
                0x10002394                cpuss_interrupts_dw1_12_IRQHandler
                0x10002394                tcpwm_1_interrupts_12_IRQHandler
                0x10002394                smif_interrupt_IRQHandler
                0x10002394                tcpwm_1_interrupts_2_IRQHandler
                0x10002394                cpuss_interrupts_ipc_13_IRQHandler
                0x10002394                tcpwm_1_interrupts_18_IRQHandler
                0x10002394                cpuss_interrupts_dw0_5_IRQHandler
                0x10002394                tcpwm_0_interrupts_2_IRQHandler
                0x10002394                cpuss_interrupts_dw0_13_IRQHandler
                0x10002394                lpcomp_interrupt_IRQHandler
                0x10002394                ioss_interrupts_gpio_1_IRQHandler
                0x10002394                ioss_interrupts_gpio_7_IRQHandler
                0x10002394                cpuss_interrupts_dw0_24_IRQHandler
                0x10002394                scb_5_interrupt_IRQHandler
                0x10002394                cpuss_interrupts_fault_1_IRQHandler
                0x10002394                cpuss_interrupts_ipc_4_IRQHandler
                0x10002394                cpuss_interrupts_ipc_5_IRQHandler
                0x10002394                cpuss_interrupts_dw0_19_IRQHandler
                0x10002394                cpuss_interrupts_dw1_10_IRQHandler
                0x10002394                audioss_0_interrupt_i2s_IRQHandler
                0x10002394                tcpwm_1_interrupts_6_IRQHandler
                0x10002394                scb_4_interrupt_IRQHandler
                0x10002394                ioss_interrupts_gpio_2_IRQHandler
                0x10002394                cpuss_interrupts_dw0_27_IRQHandler
                0x10002394                cpuss_interrupts_dw1_9_IRQHandler
                0x10002394                cpuss_interrupts_dw1_13_IRQHandler
                0x10002394                scb_2_interrupt_IRQHandler
                0x10002394                cpuss_interrupts_dw1_20_IRQHandler
                0x10002394                ioss_interrupts_gpio_13_IRQHandler
                0x10002394                cpuss_interrupts_dmac_3_IRQHandler
                0x10002394                cpuss_interrupts_cm4_fp_IRQHandler
                0x10002394                srss_interrupt_IRQHandler
                0x10002394                scb_0_interrupt_IRQHandler
                0x10002394                csd_interrupt_IRQHandler
                0x10002394                cpuss_interrupts_dw0_18_IRQHandler
                0x10002394                profile_interrupt_IRQHandler
                0x10002394                tcpwm_1_interrupts_1_IRQHandler
                0x10002394                scb_12_interrupt_IRQHandler
                0x10002394                audioss_0_interrupt_pdm_IRQHandler
                0x10002394                cpuss_interrupts_dw1_25_IRQHandler
                0x10002394                sdhc_0_interrupt_wakeup_IRQHandler
                0x10002394                cpuss_interrupts_ipc_12_IRQHandler
                0x10002394                tcpwm_1_interrupts_3_IRQHandler
                0x10002394                tcpwm_0_interrupts_7_IRQHandler
                0x10002394                cpuss_interrupts_dw1_1_IRQHandler
                0x10002394                cpuss_interrupts_dw1_0_IRQHandler
                0x10002394                cpuss_interrupts_dw0_9_IRQHandler
                0x10002394                cpuss_interrupts_dw1_7_IRQHandler
                0x10002394                tcpwm_1_interrupts_23_IRQHandler
                0x10002394                tcpwm_1_interrupts_20_IRQHandler
                0x10002394                ioss_interrupt_gpio_IRQHandler
                0x10002394                tcpwm_0_interrupts_1_IRQHandler
                0x10002394                sdhc_0_interrupt_general_IRQHandler
                0x10002394                ioss_interrupts_gpio_8_IRQHandler
                0x10002394                tcpwm_0_interrupts_6_IRQHandler
                0x10002394                scb_7_interrupt_IRQHandler
                0x10002394                tcpwm_1_interrupts_7_IRQHandler
                0x10002394                cpuss_interrupts_ipc_11_IRQHandler
                0x10002394                cpuss_interrupts_dw0_15_IRQHandler
                0x10002394                cpuss_interrupts_dw1_6_IRQHandler
                0x10002394                cpuss_interrupt_crypto_IRQHandler
                0x10002394                scb_1_interrupt_IRQHandler
                0x10002394                Default_Handler
                0x10002394                usb_interrupt_hi_IRQHandler
                0x10002394                tcpwm_1_interrupts_0_IRQHandler
                0x10002394                scb_9_interrupt_IRQHandler
                0x10002394                srss_interrupt_mcwdt_0_IRQHandler
                0x10002394                cpuss_interrupts_dmac_1_IRQHandler
                0x10002394                scb_3_interrupt_IRQHandler
                0x10002394                cpuss_interrupts_dw0_16_IRQHandler
                0x10002394                ioss_interrupts_gpio_3_IRQHandler
                0x10002394                scb_6_interrupt_IRQHandler
                0x10002394                cpuss_interrupts_cm4_cti_0_IRQHandler
                0x10002394                cpuss_interrupts_dw1_26_IRQHandler
                0x10002394                cpuss_interrupts_dw1_3_IRQHandler
                0x10002394                pass_interrupt_sar_IRQHandler
                0x10002394                ioss_interrupts_gpio_0_IRQHandler
                0x10002394                cpuss_interrupts_dw1_17_IRQHandler
                0x10002394                sdhc_1_interrupt_general_IRQHandler
                0x10002394                ioss_interrupts_gpio_14_IRQHandler
                0x10002394                tcpwm_0_interrupts_4_IRQHandler
                0x10002394                tcpwm_0_interrupts_5_IRQHandler
                0x10002394                cpuss_interrupts_dw1_16_IRQHandler
                0x10002394                cpuss_interrupts_ipc_15_IRQHandler
                0x10002394                cpuss_interrupts_cm4_cti_1_IRQHandler
                0x10002394                scb_8_interrupt_IRQHandler
                0x10002394                srss_interrupt_mcwdt_1_IRQHandler
                0x10002394                cpuss_interrupts_cm0_cti_0_IRQHandler
                0x10002394                SVC_Handler
                0x10002394                cpuss_interrupts_dw1_27_IRQHandler
                0x10002394                cpuss_interrupts_dw0_20_IRQHandler
                0x10002394                cpuss_interrupts_dw1_5_IRQHandler
                0x10002394                audioss_1_interrupt_i2s_IRQHandler
                0x10002394                cpuss_interrupts_ipc_1_IRQHandler
                0x10002394                scb_11_interrupt_IRQHandler
                0x10002394                cpuss_interrupts_dw0_0_IRQHandler
                0x10002394                ioss_interrupts_gpio_12_IRQHandler
                0x10002394                cpuss_interrupts_dw0_17_IRQHandler
                0x10002394                cpuss_interrupts_ipc_3_IRQHandler
                0x10002394                cpuss_interrupts_dw1_22_IRQHandler
                0x10002394                cpuss_interrupts_dw1_23_IRQHandler
                0x10002394                tcpwm_1_interrupts_17_IRQHandler
                0x10002394                srss_interrupt_backup_IRQHandler
                0x10002394                cpuss_interrupts_dw0_26_IRQHandler
                0x10002394                cpuss_interrupts_ipc_10_IRQHandler
                0x10002394                cpuss_interrupts_ipc_9_IRQHandler
                0x10002394                cpuss_interrupts_dw0_14_IRQHandler
                0x10002394                tcpwm_1_interrupts_4_IRQHandler
                0x10002394                tcpwm_0_interrupts_3_IRQHandler
                0x10002394                cpuss_interrupts_dw1_15_IRQHandler
                0x10002394                ioss_interrupts_gpio_10_IRQHandler
                0x10002394                cpuss_interrupts_dw0_8_IRQHandler
                0x10002394                cpuss_interrupts_dmac_2_IRQHandler
                0x10002394                ioss_interrupts_gpio_11_IRQHandler
                0x10002394                cpuss_interrupts_ipc_14_IRQHandler
                0x10002394                ioss_interrupts_gpio_5_IRQHandler
                0x10002394                ioss_interrupts_gpio_4_IRQHandler
                0x10002394                tcpwm_1_interrupts_8_IRQHandler
                0x10002394                cpuss_interrupts_dw1_14_IRQHandler
                0x10002394                cpuss_interrupts_dw0_22_IRQHandler
                0x10002394                usb_interrupt_med_IRQHandler
                0x10002394                cpuss_interrupts_dw0_2_IRQHandler
                0x10002394                tcpwm_1_interrupts_10_IRQHandler
                0x10002394                cpuss_interrupts_dw0_28_IRQHandler
                0x10002394                cpuss_interrupts_fault_0_IRQHandler
                0x10002394                cpuss_interrupts_dw0_12_IRQHandler
                0x10002394                ioss_interrupts_gpio_6_IRQHandler
                0x10002394                tcpwm_1_interrupts_21_IRQHandler
                0x10002394                tcpwm_1_interrupts_16_IRQHandler
                0x10002394                cpuss_interrupts_dw1_4_IRQHandler
                0x10002394                cpuss_interrupts_dw1_11_IRQHandler
                0x10002394                cpuss_interrupts_dw0_6_IRQHandler
                0x10002394                cpuss_interrupts_dw0_25_IRQHandler
                0x10002394                ioss_interrupt_vdd_IRQHandler
                0x10002394                cpuss_interrupts_dw1_2_IRQHandler
                0x10002394                tcpwm_1_interrupts_5_IRQHandler
                0x10002394                cpuss_interrupts_ipc_2_IRQHandler
                0x10002394                cpuss_interrupts_dw0_10_IRQHandler
                0x10002394                cpuss_interrupts_dw1_19_IRQHandler
                0x10002394                tcpwm_1_interrupts_19_IRQHandler
                0x10002394                cpuss_interrupts_dw0_1_IRQHandler
                0x10002394                ioss_interrupts_gpio_9_IRQHandler
                0x10002394                sdhc_1_interrupt_wakeup_IRQHandler
                0x10002394                usb_interrupt_lo_IRQHandler
                0x10002394                cpuss_interrupts_ipc_8_IRQHandler
                0x10002394                cpuss_interrupts_dw0_21_IRQHandler
                0x10002394                cpuss_interrupts_dw0_7_IRQHandler
                0x10002394                cpuss_interrupts_dw0_3_IRQHandler
                0x10002398                UsageFault_Handler
                0x10002398                HardFault_Handler
                0x10002398                MemManage_Handler
                0x10002398                BusFault_Handler
 *fill*         0x100023b4        0x4 
 .text          0x100023b8       0x20 E:/Cypress/TermTX/build/CY8CPROTO-062-4343W/Debug/libs/psoc6pdl/drivers/source/TOOLCHAIN_GCC_ARM/cy_syslib_gcc.o
                0x100023b8                Cy_SysLib_DelayCycles
                0x100023ca                Cy_SysLib_EnterCriticalSection
                0x100023d2                Cy_SysLib_ExitCriticalSection
 .text.init_cycfg_all
                0x100023d8       0x18 E:/Cypress/TermTX/build/CY8CPROTO-062-4343W/Debug/libs/TARGET_CY8CPROTO-062-4343W/COMPONENT_BSP_DESIGN_MODUS/GeneratedSource/cycfg.o
                0x100023d8                init_cycfg_all
 .text.init_cycfg_clocks
                0x100023f0      0x14c E:/Cypress/TermTX/build/CY8CPROTO-062-4343W/Debug/libs/TARGET_CY8CPROTO-062-4343W/COMPONENT_BSP_DESIGN_MODUS/GeneratedSource/cycfg_clocks.o
                0x100023f0                init_cycfg_clocks
 .text.init_cycfg_peripherals
                0x1000253c       0x90 E:/Cypress/TermTX/build/CY8CPROTO-062-4343W/Debug/libs/TARGET_CY8CPROTO-062-4343W/COMPONENT_BSP_DESIGN_MODUS/GeneratedSource/cycfg_peripherals.o
                0x1000253c                init_cycfg_peripherals
 .text.init_cycfg_pins
                0x100025cc      0x18c E:/Cypress/TermTX/build/CY8CPROTO-062-4343W/Debug/libs/TARGET_CY8CPROTO-062-4343W/COMPONENT_BSP_DESIGN_MODUS/GeneratedSource/cycfg_pins.o
                0x100025cc                init_cycfg_pins
 .text.init_cycfg_routing
                0x10002758       0x28 E:/Cypress/TermTX/build/CY8CPROTO-062-4343W/Debug/libs/TARGET_CY8CPROTO-062-4343W/COMPONENT_BSP_DESIGN_MODUS/GeneratedSource/cycfg_routing.o
                0x10002758                init_cycfg_routing
 .text.cycfg_ClockStartupError
                0x10002780        0x2 E:/Cypress/TermTX/build/CY8CPROTO-062-4343W/Debug/libs/TARGET_CY8CPROTO-062-4343W/COMPONENT_BSP_DESIGN_MODUS/GeneratedSource/cycfg_system.o
                0x10002780                cycfg_ClockStartupError
 *fill*         0x10002782        0x2 
 .text.init_cycfg_system
                0x10002784      0x4a4 E:/Cypress/TermTX/build/CY8CPROTO-062-4343W/Debug/libs/TARGET_CY8CPROTO-062-4343W/COMPONENT_BSP_DESIGN_MODUS/GeneratedSource/cycfg_system.o
                0x10002784                init_cycfg_system
 .text.cybsp_register_sysclk_pm_callback
                0x10002c28       0x1c E:/Cypress/TermTX/build/CY8CPROTO-062-4343W/Debug/libs/TARGET_CY8CPROTO-062-4343W/cybsp.o
 .text.cybsp_init
                0x10002c44       0x1a E:/Cypress/TermTX/build/CY8CPROTO-062-4343W/Debug/libs/TARGET_CY8CPROTO-062-4343W/cybsp.o
                0x10002c44                cybsp_init
 .text.Cy_SysIpcPipeIsrCm4
                0x10002c5e        0xa E:/Cypress/TermTX/build/CY8CPROTO-062-4343W/Debug/libs/TARGET_CY8CPROTO-062-4343W/startup/system_psoc6_cm4.o
                0x10002c5e                Cy_SysIpcPipeIsrCm4
 .text.Cy_SystemInit
                0x10002c68        0x2 E:/Cypress/TermTX/build/CY8CPROTO-062-4343W/Debug/libs/TARGET_CY8CPROTO-062-4343W/startup/system_psoc6_cm4.o
                0x10002c68                Cy_SystemInit
 *fill*         0x10002c6a        0x2 
 .text.SystemCoreClockUpdate
                0x10002c6c      0x1b8 E:/Cypress/TermTX/build/CY8CPROTO-062-4343W/Debug/libs/TARGET_CY8CPROTO-062-4343W/startup/system_psoc6_cm4.o
                0x10002c6c                SystemCoreClockUpdate
 .text.SystemInit
                0x10002e24       0x44 E:/Cypress/TermTX/build/CY8CPROTO-062-4343W/Debug/libs/TARGET_CY8CPROTO-062-4343W/startup/system_psoc6_cm4.o
                0x10002e24                SystemInit
 .text.Cy_SystemInitFpuEnable
                0x10002e68       0x28 E:/Cypress/TermTX/build/CY8CPROTO-062-4343W/Debug/libs/TARGET_CY8CPROTO-062-4343W/startup/system_psoc6_cm4.o
                0x10002e68                Cy_SystemInitFpuEnable
 .text.ioss_irq_handler
                0x10002e90       0xc0 E:/Cypress/TermTX/build/CY8CPROTO-062-4343W/Debug/libs/psoc6hal/src/cyhal_gpio.o
 .text.cyhal_gpio_convert_drive_mode
                0x10002f50       0x3c E:/Cypress/TermTX/build/CY8CPROTO-062-4343W/Debug/libs/psoc6hal/src/cyhal_gpio.o
 .text.cyhal_gpio_init
                0x10002f8c       0x88 E:/Cypress/TermTX/build/CY8CPROTO-062-4343W/Debug/libs/psoc6hal/src/cyhal_gpio.o
                0x10002f8c                cyhal_gpio_init
 .text.cyhal_gpio_register_callback
                0x10003014       0x30 E:/Cypress/TermTX/build/CY8CPROTO-062-4343W/Debug/libs/psoc6hal/src/cyhal_gpio.o
                0x10003014                cyhal_gpio_register_callback
 .text.cyhal_gpio_enable_event
                0x10003044       0xdc E:/Cypress/TermTX/build/CY8CPROTO-062-4343W/Debug/libs/psoc6hal/src/cyhal_gpio.o
                0x10003044                cyhal_gpio_enable_event
 .text.cyhal_get_bit_position
                0x10003120       0xe4 E:/Cypress/TermTX/build/CY8CPROTO-062-4343W/Debug/libs/psoc6hal/src/cyhal_hwmgr.o
 .text.cyhal_hwmgr_init
                0x10003204        0x4 E:/Cypress/TermTX/build/CY8CPROTO-062-4343W/Debug/libs/psoc6hal/src/cyhal_hwmgr.o
                0x10003204                cyhal_hwmgr_init
 .text.cyhal_hwmgr_reserve
                0x10003208       0x88 E:/Cypress/TermTX/build/CY8CPROTO-062-4343W/Debug/libs/psoc6hal/src/cyhal_hwmgr.o
                0x10003208                cyhal_hwmgr_reserve
 .text.cyhal_hwmgr_free
                0x10003290       0x4c E:/Cypress/TermTX/build/CY8CPROTO-062-4343W/Debug/libs/psoc6hal/src/cyhal_hwmgr.o
                0x10003290                cyhal_hwmgr_free
 .text.cyhal_hwmgr_allocate
                0x100032dc      0x168 E:/Cypress/TermTX/build/CY8CPROTO-062-4343W/Debug/libs/psoc6hal/src/cyhal_hwmgr.o
                0x100032dc                cyhal_hwmgr_allocate
 .text.cyhal_hwmgr_allocate_clock
                0x10003444       0x6c E:/Cypress/TermTX/build/CY8CPROTO-062-4343W/Debug/libs/psoc6hal/src/cyhal_hwmgr.o
                0x10003444                cyhal_hwmgr_allocate_clock
 .text.cyhal_hwmgr_free_clock
                0x100034b0       0x22 E:/Cypress/TermTX/build/CY8CPROTO-062-4343W/Debug/libs/psoc6hal/src/cyhal_hwmgr.o
                0x100034b0                cyhal_hwmgr_free_clock
 *fill*         0x100034d2        0x2 
 .text.cyhal_connect_pin
                0x100034d4       0x68 E:/Cypress/TermTX/build/CY8CPROTO-062-4343W/Debug/libs/psoc6hal/src/cyhal_interconnect.o
                0x100034d4                cyhal_connect_pin
 .text.cyhal_disconnect_pin
                0x1000353c       0x38 E:/Cypress/TermTX/build/CY8CPROTO-062-4343W/Debug/libs/psoc6hal/src/cyhal_interconnect.o
                0x1000353c                cyhal_disconnect_pin
 .text.cyhal_scb_get_block_from_irqn
                0x10003574       0x66 E:/Cypress/TermTX/build/CY8CPROTO-062-4343W/Debug/libs/psoc6hal/src/cyhal_scb_common.o
                0x10003574                cyhal_scb_get_block_from_irqn
 *fill*         0x100035da        0x2 
 .text.cyhal_tcpwm_irq_handler
                0x100035dc       0x80 E:/Cypress/TermTX/build/CY8CPROTO-062-4343W/Debug/libs/psoc6hal/src/cyhal_tcpwm_common.o
                0x100035dc                cyhal_tcpwm_irq_handler
 .text.cyhal_tcpwm_init_callback_data
                0x1000365c       0x28 E:/Cypress/TermTX/build/CY8CPROTO-062-4343W/Debug/libs/psoc6hal/src/cyhal_tcpwm_common.o
                0x1000365c                cyhal_tcpwm_init_callback_data
 .text.cyhal_tcpwm_register_callback
                0x10003684       0x8c E:/Cypress/TermTX/build/CY8CPROTO-062-4343W/Debug/libs/psoc6hal/src/cyhal_tcpwm_common.o
                0x10003684                cyhal_tcpwm_register_callback
 .text.cyhal_tcpwm_enable_event
                0x10003710       0x60 E:/Cypress/TermTX/build/CY8CPROTO-062-4343W/Debug/libs/psoc6hal/src/cyhal_tcpwm_common.o
                0x10003710                cyhal_tcpwm_enable_event
 .text.cyhal_timer_free
                0x10003770       0xd0 E:/Cypress/TermTX/build/CY8CPROTO-062-4343W/Debug/libs/psoc6hal/src/cyhal_timer.o
                0x10003770                cyhal_timer_free
 .text.cyhal_timer_configure
                0x10003840       0xd8 E:/Cypress/TermTX/build/CY8CPROTO-062-4343W/Debug/libs/psoc6hal/src/cyhal_timer.o
                0x10003840                cyhal_timer_configure
 .text.cyhal_timer_set_frequency
                0x10003918      0x180 E:/Cypress/TermTX/build/CY8CPROTO-062-4343W/Debug/libs/psoc6hal/src/cyhal_timer.o
                0x10003918                cyhal_timer_set_frequency
 .text.cyhal_timer_init
                0x10003a98      0x210 E:/Cypress/TermTX/build/CY8CPROTO-062-4343W/Debug/libs/psoc6hal/src/cyhal_timer.o
                0x10003a98                cyhal_timer_init
 .text.cyhal_timer_start
                0x10003ca8       0x16 E:/Cypress/TermTX/build/CY8CPROTO-062-4343W/Debug/libs/psoc6hal/src/cyhal_timer.o
                0x10003ca8                cyhal_timer_start
 .text.convert_parity
                0x10003cbe       0x14 E:/Cypress/TermTX/build/CY8CPROTO-062-4343W/Debug/libs/psoc6hal/src/cyhal_uart.o
 .text.convert_stopbits
                0x10003cd2       0x24 E:/Cypress/TermTX/build/CY8CPROTO-062-4343W/Debug/libs/psoc6hal/src/cyhal_uart.o
 .text.cyhal_uart_baud_perdif
                0x10003cf6       0x20 E:/Cypress/TermTX/build/CY8CPROTO-062-4343W/Debug/libs/psoc6hal/src/cyhal_uart.o
 *fill*         0x10003d16        0x2 
 .text.cyhal_uart_irq_handler
                0x10003d18       0x24 E:/Cypress/TermTX/build/CY8CPROTO-062-4343W/Debug/libs/psoc6hal/src/cyhal_uart.o
 .text.cyhal_uart_actual_baud
                0x10003d3c       0x34 E:/Cypress/TermTX/build/CY8CPROTO-062-4343W/Debug/libs/psoc6hal/src/cyhal_uart.o
 .text.cyhal_uart_best_oversample
                0x10003d70       0x80 E:/Cypress/TermTX/build/CY8CPROTO-062-4343W/Debug/libs/psoc6hal/src/cyhal_uart.o
 .text.cyhal_uart_pm_callback
                0x10003df0      0x268 E:/Cypress/TermTX/build/CY8CPROTO-062-4343W/Debug/libs/psoc6hal/src/cyhal_uart.o
 .text.cyhal_uart_free
                0x10004058       0x94 E:/Cypress/TermTX/build/CY8CPROTO-062-4343W/Debug/libs/psoc6hal/src/cyhal_uart.o
                0x10004058                cyhal_uart_free
 .text.cyhal_uart_set_baud
                0x100040ec      0x2dc E:/Cypress/TermTX/build/CY8CPROTO-062-4343W/Debug/libs/psoc6hal/src/cyhal_uart.o
                0x100040ec                cyhal_uart_set_baud
 .text.cyhal_uart_init
                0x100043c8      0x340 E:/Cypress/TermTX/build/CY8CPROTO-062-4343W/Debug/libs/psoc6hal/src/cyhal_uart.o
                0x100043c8                cyhal_uart_init
 .text.cyhal_uart_getc
                0x10004708       0x3c E:/Cypress/TermTX/build/CY8CPROTO-062-4343W/Debug/libs/psoc6hal/src/cyhal_uart.o
                0x10004708                cyhal_uart_getc
 .text.cyhal_uart_putc
                0x10004744       0x1a E:/Cypress/TermTX/build/CY8CPROTO-062-4343W/Debug/libs/psoc6hal/src/cyhal_uart.o
                0x10004744                cyhal_uart_putc
 .text.cyhal_utils_get_resource
                0x1000475e       0x22 E:/Cypress/TermTX/build/CY8CPROTO-062-4343W/Debug/libs/psoc6hal/src/cyhal_utils.o
                0x1000475e                cyhal_utils_get_resource
 .text.cyhal_utils_disconnect_and_free
                0x10004780       0x4e E:/Cypress/TermTX/build/CY8CPROTO-062-4343W/Debug/libs/psoc6hal/src/cyhal_utils.o
                0x10004780                cyhal_utils_disconnect_and_free
 *fill*         0x100047ce        0x2 
 .text.Cy_PDL_Init
                0x100047d0        0xc E:/Cypress/TermTX/build/CY8CPROTO-062-4343W/Debug/libs/psoc6pdl/drivers/source/cy_device.o
                0x100047d0                Cy_PDL_Init
 .text.Cy_Flash_ProcessOpcode
                0x100047dc       0xa4 E:/Cypress/TermTX/build/CY8CPROTO-062-4343W/Debug/libs/psoc6pdl/drivers/source/cy_flash.o
 .text.Cy_Flash_OperationStatus
                0x10004880       0x50 E:/Cypress/TermTX/build/CY8CPROTO-062-4343W/Debug/libs/psoc6pdl/drivers/source/cy_flash.o
 .text.Cy_GPIO_Pin_Init
                0x100048d0      0x234 E:/Cypress/TermTX/build/CY8CPROTO-062-4343W/Debug/libs/psoc6pdl/drivers/source/cy_gpio.o
                0x100048d0                Cy_GPIO_Pin_Init
 .text.Cy_GPIO_Pin_FastInit
                0x10004b04       0xb4 E:/Cypress/TermTX/build/CY8CPROTO-062-4343W/Debug/libs/psoc6pdl/drivers/source/cy_gpio.o
                0x10004b04                Cy_GPIO_Pin_FastInit
 .text.Cy_IPC_Drv_LockRelease
                0x10004bb8       0x2c E:/Cypress/TermTX/build/CY8CPROTO-062-4343W/Debug/libs/psoc6pdl/drivers/source/cy_ipc_drv.o
                0x10004bb8                Cy_IPC_Drv_LockRelease
 .text.Cy_IPC_Drv_SendMsgWord
                0x10004be4       0x20 E:/Cypress/TermTX/build/CY8CPROTO-062-4343W/Debug/libs/psoc6pdl/drivers/source/cy_ipc_drv.o
                0x10004be4                Cy_IPC_Drv_SendMsgWord
 .text.Cy_IPC_Drv_ReadMsgWord
                0x10004c04       0x2c E:/Cypress/TermTX/build/CY8CPROTO-062-4343W/Debug/libs/psoc6pdl/drivers/source/cy_ipc_drv.o
                0x10004c04                Cy_IPC_Drv_ReadMsgWord
 .text.Cy_IPC_Pipe_Config
                0x10004c30       0x14 E:/Cypress/TermTX/build/CY8CPROTO-062-4343W/Debug/libs/psoc6pdl/drivers/source/cy_ipc_pipe.o
                0x10004c30                Cy_IPC_Pipe_Config
 .text.Cy_IPC_Pipe_EndpointInit
                0x10004c44       0x94 E:/Cypress/TermTX/build/CY8CPROTO-062-4343W/Debug/libs/psoc6pdl/drivers/source/cy_ipc_pipe.o
                0x10004c44                Cy_IPC_Pipe_EndpointInit
 .text.Cy_IPC_Pipe_Init
                0x10004cd8       0xa0 E:/Cypress/TermTX/build/CY8CPROTO-062-4343W/Debug/libs/psoc6pdl/drivers/source/cy_ipc_pipe.o
                0x10004cd8                Cy_IPC_Pipe_Init
 .text.Cy_IPC_Pipe_SendMessage
                0x10004d78       0x7c E:/Cypress/TermTX/build/CY8CPROTO-062-4343W/Debug/libs/psoc6pdl/drivers/source/cy_ipc_pipe.o
                0x10004d78                Cy_IPC_Pipe_SendMessage
 .text.Cy_IPC_Pipe_ExecCallback
                0x10004df4       0xa4 E:/Cypress/TermTX/build/CY8CPROTO-062-4343W/Debug/libs/psoc6pdl/drivers/source/cy_ipc_pipe.o
                0x10004df4                Cy_IPC_Pipe_ExecCallback
 .text.Cy_IPC_Pipe_ExecuteCallback
                0x10004e98       0x20 E:/Cypress/TermTX/build/CY8CPROTO-062-4343W/Debug/libs/psoc6pdl/drivers/source/cy_ipc_pipe.o
                0x10004e98                Cy_IPC_Pipe_ExecuteCallback
 .text.Cy_IPC_Sema_InitExt
                0x10004eb8       0x74 E:/Cypress/TermTX/build/CY8CPROTO-062-4343W/Debug/libs/psoc6pdl/drivers/source/cy_ipc_sema.o
                0x10004eb8                Cy_IPC_Sema_InitExt
 .text.Cy_IPC_Sema_Init
                0x10004f2c       0x5c E:/Cypress/TermTX/build/CY8CPROTO-062-4343W/Debug/libs/psoc6pdl/drivers/source/cy_ipc_sema.o
                0x10004f2c                Cy_IPC_Sema_Init
 .text.Cy_IPC_Sema_Clear
                0x10004f88       0x7c E:/Cypress/TermTX/build/CY8CPROTO-062-4343W/Debug/libs/psoc6pdl/drivers/source/cy_ipc_sema.o
                0x10004f88                Cy_IPC_Sema_Clear
 .text.Cy_IPC_Sema_Status
                0x10005004       0x40 E:/Cypress/TermTX/build/CY8CPROTO-062-4343W/Debug/libs/psoc6pdl/drivers/source/cy_ipc_sema.o
                0x10005004                Cy_IPC_Sema_Status
 .text.Cy_Prot_GetActivePC
                0x10005044       0x28 E:/Cypress/TermTX/build/CY8CPROTO-062-4343W/Debug/libs/psoc6pdl/drivers/source/cy_prot.o
                0x10005044                Cy_Prot_GetActivePC
 .text.ConstructTimeDate
                0x1000506c      0x18c E:/Cypress/TermTX/build/CY8CPROTO-062-4343W/Debug/libs/psoc6pdl/drivers/source/cy_rtc.o
 .text.Cy_RTC_SetDateAndTime
                0x100051f8      0x124 E:/Cypress/TermTX/build/CY8CPROTO-062-4343W/Debug/libs/psoc6pdl/drivers/source/cy_rtc.o
                0x100051f8                Cy_RTC_SetDateAndTime
 .text.Cy_RTC_Init
                0x1000531c        0x8 E:/Cypress/TermTX/build/CY8CPROTO-062-4343W/Debug/libs/psoc6pdl/drivers/source/cy_rtc.o
                0x1000531c                Cy_RTC_Init
 .text.Cy_RTC_GetDateAndTime
                0x10005324       0xf0 E:/Cypress/TermTX/build/CY8CPROTO-062-4343W/Debug/libs/psoc6pdl/drivers/source/cy_rtc.o
                0x10005324                Cy_RTC_GetDateAndTime
 .text.Cy_SAR_Init
                0x10005414      0x1a4 E:/Cypress/TermTX/build/CY8CPROTO-062-4343W/Debug/libs/psoc6pdl/drivers/source/cy_sar.o
                0x10005414                Cy_SAR_Init
 .text.Cy_SAR_Enable
                0x100055b8       0x20 E:/Cypress/TermTX/build/CY8CPROTO-062-4343W/Debug/libs/psoc6pdl/drivers/source/cy_sar.o
                0x100055b8                Cy_SAR_Enable
 .text.Cy_SAR_StartConvert
                0x100055d8       0x1a E:/Cypress/TermTX/build/CY8CPROTO-062-4343W/Debug/libs/psoc6pdl/drivers/source/cy_sar.o
                0x100055d8                Cy_SAR_StartConvert
 *fill*         0x100055f2        0x2 
 .text.Cy_SAR_IsEndConversion
                0x100055f4       0x50 E:/Cypress/TermTX/build/CY8CPROTO-062-4343W/Debug/libs/psoc6pdl/drivers/source/cy_sar.o
                0x100055f4                Cy_SAR_IsEndConversion
 .text.Cy_SAR_GetResult16
                0x10005644       0x1a E:/Cypress/TermTX/build/CY8CPROTO-062-4343W/Debug/libs/psoc6pdl/drivers/source/cy_sar.o
                0x10005644                Cy_SAR_GetResult16
 .text.Cy_SCB_ReadArrayNoCheck
                0x1000565e       0x38 E:/Cypress/TermTX/build/CY8CPROTO-062-4343W/Debug/libs/psoc6pdl/drivers/source/cy_scb_common.o
                0x1000565e                Cy_SCB_ReadArrayNoCheck
 .text.Cy_SCB_ReadArray
                0x10005696       0x1e E:/Cypress/TermTX/build/CY8CPROTO-062-4343W/Debug/libs/psoc6pdl/drivers/source/cy_scb_common.o
                0x10005696                Cy_SCB_ReadArray
 .text.Cy_SCB_Write
                0x100056b4       0x26 E:/Cypress/TermTX/build/CY8CPROTO-062-4343W/Debug/libs/psoc6pdl/drivers/source/cy_scb_common.o
                0x100056b4                Cy_SCB_Write
 .text.Cy_SCB_WriteArrayNoCheck
                0x100056da       0x38 E:/Cypress/TermTX/build/CY8CPROTO-062-4343W/Debug/libs/psoc6pdl/drivers/source/cy_scb_common.o
                0x100056da                Cy_SCB_WriteArrayNoCheck
 .text.Cy_SCB_WriteArray
                0x10005712       0x2e E:/Cypress/TermTX/build/CY8CPROTO-062-4343W/Debug/libs/psoc6pdl/drivers/source/cy_scb_common.o
                0x10005712                Cy_SCB_WriteArray
 .text.SelectRxFifoLevel
                0x10005740       0x20 E:/Cypress/TermTX/build/CY8CPROTO-062-4343W/Debug/libs/psoc6pdl/drivers/source/cy_scb_uart.o
 .text.HandleDataReceive
                0x10005760       0xbe E:/Cypress/TermTX/build/CY8CPROTO-062-4343W/Debug/libs/psoc6pdl/drivers/source/cy_scb_uart.o
 .text.HandleDataTransmit
                0x1000581e       0xc2 E:/Cypress/TermTX/build/CY8CPROTO-062-4343W/Debug/libs/psoc6pdl/drivers/source/cy_scb_uart.o
 .text.Cy_SCB_UART_Init
                0x100058e0      0x2fc E:/Cypress/TermTX/build/CY8CPROTO-062-4343W/Debug/libs/psoc6pdl/drivers/source/cy_scb_uart.o
                0x100058e0                Cy_SCB_UART_Init
 .text.Cy_SCB_UART_Disable
                0x10005bdc       0x16 E:/Cypress/TermTX/build/CY8CPROTO-062-4343W/Debug/libs/psoc6pdl/drivers/source/cy_scb_uart.o
                0x10005bdc                Cy_SCB_UART_Disable
 *fill*         0x10005bf2        0x2 
 .text.Cy_SCB_UART_StartRingBuffer
                0x10005bf4       0x70 E:/Cypress/TermTX/build/CY8CPROTO-062-4343W/Debug/libs/psoc6pdl/drivers/source/cy_scb_uart.o
                0x10005bf4                Cy_SCB_UART_StartRingBuffer
 .text.Cy_SCB_UART_GetNumInRingBuffer
                0x10005c64       0x18 E:/Cypress/TermTX/build/CY8CPROTO-062-4343W/Debug/libs/psoc6pdl/drivers/source/cy_scb_uart.o
                0x10005c64                Cy_SCB_UART_GetNumInRingBuffer
 .text.HandleRingBuffer
                0x10005c7c       0xae E:/Cypress/TermTX/build/CY8CPROTO-062-4343W/Debug/libs/psoc6pdl/drivers/source/cy_scb_uart.o
 .text.Cy_SCB_UART_GetReceiveStatus
                0x10005d2a        0x4 E:/Cypress/TermTX/build/CY8CPROTO-062-4343W/Debug/libs/psoc6pdl/drivers/source/cy_scb_uart.o
                0x10005d2a                Cy_SCB_UART_GetReceiveStatus
 .text.Cy_SCB_UART_GetTransmitStatus
                0x10005d2e        0x4 E:/Cypress/TermTX/build/CY8CPROTO-062-4343W/Debug/libs/psoc6pdl/drivers/source/cy_scb_uart.o
                0x10005d2e                Cy_SCB_UART_GetTransmitStatus
 *fill*         0x10005d32        0x2 
 .text.Cy_SCB_UART_DeepSleepCallback
                0x10005d34       0x88 E:/Cypress/TermTX/build/CY8CPROTO-062-4343W/Debug/libs/psoc6pdl/drivers/source/cy_scb_uart.o
                0x10005d34                Cy_SCB_UART_DeepSleepCallback
 .text.Cy_SCB_UART_Interrupt
                0x10005dbc      0x122 E:/Cypress/TermTX/build/CY8CPROTO-062-4343W/Debug/libs/psoc6pdl/drivers/source/cy_scb_uart.o
                0x10005dbc                Cy_SCB_UART_Interrupt
 *fill*         0x10005ede        0x2 
 .text.Cy_SysAnalog_Init
                0x10005ee0       0x78 E:/Cypress/TermTX/build/CY8CPROTO-062-4343W/Debug/libs/psoc6pdl/drivers/source/cy_sysanalog.o
                0x10005ee0                Cy_SysAnalog_Init
 .text.Cy_SysClk_ClkPathSetSource
                0x10005f58       0x5c E:/Cypress/TermTX/build/CY8CPROTO-062-4343W/Debug/libs/psoc6pdl/drivers/source/cy_sysclk.o
                0x10005f58                Cy_SysClk_ClkPathSetSource
 .text.Cy_SysClk_ClkPathGetSource
                0x10005fb4       0x3c E:/Cypress/TermTX/build/CY8CPROTO-062-4343W/Debug/libs/psoc6pdl/drivers/source/cy_sysclk.o
                0x10005fb4                Cy_SysClk_ClkPathGetSource
 .text.Cy_SysClk_FllManualConfigure
                0x10005ff0      0x104 E:/Cypress/TermTX/build/CY8CPROTO-062-4343W/Debug/libs/psoc6pdl/drivers/source/cy_sysclk.o
                0x10005ff0                Cy_SysClk_FllManualConfigure
 .text.Cy_SysClk_FllGetConfiguration
                0x100060f4       0x5c E:/Cypress/TermTX/build/CY8CPROTO-062-4343W/Debug/libs/psoc6pdl/drivers/source/cy_sysclk.o
                0x100060f4                Cy_SysClk_FllGetConfiguration
 .text.Cy_SysClk_FllEnable
                0x10006150       0xc4 E:/Cypress/TermTX/build/CY8CPROTO-062-4343W/Debug/libs/psoc6pdl/drivers/source/cy_sysclk.o
                0x10006150                Cy_SysClk_FllEnable
 .text.Cy_SysClk_PllManualConfigure
                0x10006214       0xd0 E:/Cypress/TermTX/build/CY8CPROTO-062-4343W/Debug/libs/psoc6pdl/drivers/source/cy_sysclk.o
                0x10006214                Cy_SysClk_PllManualConfigure
 .text.Cy_SysClk_PllGetConfiguration
                0x100062e4       0x4c E:/Cypress/TermTX/build/CY8CPROTO-062-4343W/Debug/libs/psoc6pdl/drivers/source/cy_sysclk.o
                0x100062e4                Cy_SysClk_PllGetConfiguration
 .text.Cy_SysClk_PllEnable
                0x10006330       0x68 E:/Cypress/TermTX/build/CY8CPROTO-062-4343W/Debug/libs/psoc6pdl/drivers/source/cy_sysclk.o
                0x10006330                Cy_SysClk_PllEnable
 .text.Cy_SysClk_DeepSleepCallback
                0x10006398      0x260 E:/Cypress/TermTX/build/CY8CPROTO-062-4343W/Debug/libs/psoc6pdl/drivers/source/cy_sysclk.o
                0x10006398                Cy_SysClk_DeepSleepCallback
 .text.Cy_SysClk_ClkHfGetFrequency
                0x100065f8      0x1ac E:/Cypress/TermTX/build/CY8CPROTO-062-4343W/Debug/libs/psoc6pdl/drivers/source/cy_sysclk.o
                0x100065f8                Cy_SysClk_ClkHfGetFrequency
 .text.Cy_SysInt_SetVector
                0x100067a4       0x38 E:/Cypress/TermTX/build/CY8CPROTO-062-4343W/Debug/libs/psoc6pdl/drivers/source/cy_sysint.o
                0x100067a4                Cy_SysInt_SetVector
 .text.Cy_SysInt_Init
                0x100067dc       0x64 E:/Cypress/TermTX/build/CY8CPROTO-062-4343W/Debug/libs/psoc6pdl/drivers/source/cy_sysint.o
                0x100067dc                Cy_SysInt_Init
 .text.Cy_SysLib_Delay
                0x10006840       0x30 E:/Cypress/TermTX/build/CY8CPROTO-062-4343W/Debug/libs/psoc6pdl/drivers/source/cy_syslib.o
                0x10006840                Cy_SysLib_Delay
 .text.Cy_SysLib_DelayUs
                0x10006870       0x14 E:/Cypress/TermTX/build/CY8CPROTO-062-4343W/Debug/libs/psoc6pdl/drivers/source/cy_syslib.o
                0x10006870                Cy_SysLib_DelayUs
 .text.Cy_SysLib_ResetBackupDomain
                0x10006884       0x20 E:/Cypress/TermTX/build/CY8CPROTO-062-4343W/Debug/libs/psoc6pdl/drivers/source/cy_syslib.o
                0x10006884                Cy_SysLib_ResetBackupDomain
 .text.Cy_SysLib_GetResetReason
                0x100068a4       0x18 E:/Cypress/TermTX/build/CY8CPROTO-062-4343W/Debug/libs/psoc6pdl/drivers/source/cy_syslib.o
                0x100068a4                Cy_SysLib_GetResetReason
 .text.Cy_SysLib_ProcessingFault
                0x100068bc        0x2 E:/Cypress/TermTX/build/CY8CPROTO-062-4343W/Debug/libs/psoc6pdl/drivers/source/cy_syslib.o
                0x100068bc                Cy_SysLib_ProcessingFault
 *fill*         0x100068be        0x2 
 .text.Cy_SysLib_FaultHandler
                0x100068c0       0xa4 E:/Cypress/TermTX/build/CY8CPROTO-062-4343W/Debug/libs/psoc6pdl/drivers/source/cy_syslib.o
                0x100068c0                Cy_SysLib_FaultHandler
 .text.Cy_SysLib_SetWaitStates
                0x10006964       0xcc E:/Cypress/TermTX/build/CY8CPROTO-062-4343W/Debug/libs/psoc6pdl/drivers/source/cy_syslib.o
                0x10006964                Cy_SysLib_SetWaitStates
 .text.SetReadMarginTrimUlp
                0x10006a30       0x84 E:/Cypress/TermTX/build/CY8CPROTO-062-4343W/Debug/libs/psoc6pdl/drivers/source/cy_syspm.o
 .text.SetReadMarginTrimLp
                0x10006ab4       0x84 E:/Cypress/TermTX/build/CY8CPROTO-062-4343W/Debug/libs/psoc6pdl/drivers/source/cy_syspm.o
 .text.SetWriteAssistTrimUlp
                0x10006b38       0x58 E:/Cypress/TermTX/build/CY8CPROTO-062-4343W/Debug/libs/psoc6pdl/drivers/source/cy_syspm.o
 .text.SetWriteAssistTrimLp
                0x10006b90       0x70 E:/Cypress/TermTX/build/CY8CPROTO-062-4343W/Debug/libs/psoc6pdl/drivers/source/cy_syspm.o
 .text.IsVoltageChangePossible
                0x10006c00       0x46 E:/Cypress/TermTX/build/CY8CPROTO-062-4343W/Debug/libs/psoc6pdl/drivers/source/cy_syspm.o
 *fill*         0x10006c46        0x2 
 .text.Cy_SysPm_SystemSetMinRegulatorCurrent
                0x10006c48       0x54 E:/Cypress/TermTX/build/CY8CPROTO-062-4343W/Debug/libs/psoc6pdl/drivers/source/cy_syspm.o
                0x10006c48                Cy_SysPm_SystemSetMinRegulatorCurrent
 .text.Cy_SysPm_SystemSetNormalRegulatorCurrent
                0x10006c9c       0x64 E:/Cypress/TermTX/build/CY8CPROTO-062-4343W/Debug/libs/psoc6pdl/drivers/source/cy_syspm.o
                0x10006c9c                Cy_SysPm_SystemSetNormalRegulatorCurrent
 .text.Cy_SysPm_LdoSetMode
                0x10006d00       0x38 E:/Cypress/TermTX/build/CY8CPROTO-062-4343W/Debug/libs/psoc6pdl/drivers/source/cy_syspm.o
                0x10006d00                Cy_SysPm_LdoSetMode
 .text.Cy_SysPm_RegisterCallback
                0x10006d38       0x90 E:/Cypress/TermTX/build/CY8CPROTO-062-4343W/Debug/libs/psoc6pdl/drivers/source/cy_syspm.o
                0x10006d38                Cy_SysPm_RegisterCallback
 .text.Cy_SysPm_UnregisterCallback
                0x10006dc8       0x5c E:/Cypress/TermTX/build/CY8CPROTO-062-4343W/Debug/libs/psoc6pdl/drivers/source/cy_syspm.o
                0x10006dc8                Cy_SysPm_UnregisterCallback
 .text.Cy_SysPm_WriteVoltageBitForFlash
                0x10006e24       0xfc E:/Cypress/TermTX/build/CY8CPROTO-062-4343W/Debug/libs/psoc6pdl/drivers/source/cy_syspm.o
                0x10006e24                Cy_SysPm_WriteVoltageBitForFlash
 .text.Cy_SysPm_LdoSetVoltage
                0x10006f20       0xbc E:/Cypress/TermTX/build/CY8CPROTO-062-4343W/Debug/libs/psoc6pdl/drivers/source/cy_syspm.o
                0x10006f20                Cy_SysPm_LdoSetVoltage
 .text.Cy_TCPWM_Counter_Init
                0x10006fdc      0x114 E:/Cypress/TermTX/build/CY8CPROTO-062-4343W/Debug/libs/psoc6pdl/drivers/source/cy_tcpwm_counter.o
                0x10006fdc                Cy_TCPWM_Counter_Init
 .text.Cy_TCPWM_Counter_DeInit
                0x100070f0       0x58 E:/Cypress/TermTX/build/CY8CPROTO-062-4343W/Debug/libs/psoc6pdl/drivers/source/cy_tcpwm_counter.o
                0x100070f0                Cy_TCPWM_Counter_DeInit
 .text.cy_retarget_io_putchar
                0x10007148       0x10 E:/Cypress/TermTX/build/CY8CPROTO-062-4343W/Debug/libs/retarget-io/cy_retarget_io.o
 .text.cy_retarget_io_getchar
                0x10007158       0x20 E:/Cypress/TermTX/build/CY8CPROTO-062-4343W/Debug/libs/retarget-io/cy_retarget_io.o
 .text._write   0x10007178       0x22 E:/Cypress/TermTX/build/CY8CPROTO-062-4343W/Debug/libs/retarget-io/cy_retarget_io.o
                0x10007178                _write
 .text._read    0x1000719a       0x28 E:/Cypress/TermTX/build/CY8CPROTO-062-4343W/Debug/libs/retarget-io/cy_retarget_io.o
                0x1000719a                _read
 *fill*         0x100071c2        0x2 
 .text.cy_retarget_io_init
                0x100071c4       0x4c E:/Cypress/TermTX/build/CY8CPROTO-062-4343W/Debug/libs/retarget-io/cy_retarget_io.o
                0x100071c4                cy_retarget_io_init
 .text.gpio_interrupt_handler
                0x10007210        0xc E:/Cypress/TermTX/build/CY8CPROTO-062-4343W/Debug/main.o
 .text.isr_timer
                0x1000721c        0xc E:/Cypress/TermTX/build/CY8CPROTO-062-4343W/Debug/main.o
 .text.analog_to_digital_hw_init
                0x10007228       0x48 E:/Cypress/TermTX/build/CY8CPROTO-062-4343W/Debug/main.o
 .text.timer_init
                0x10007270       0x64 E:/Cypress/TermTX/build/CY8CPROTO-062-4343W/Debug/main.o
 .text.button_init
                0x100072d4       0x2c E:/Cypress/TermTX/build/CY8CPROTO-062-4343W/Debug/main.o
 .text.get_temp_data
                0x10007300       0x5c E:/Cypress/TermTX/build/CY8CPROTO-062-4343W/Debug/main.o
 .text.handle_error
                0x1000735c        0x6 E:/Cypress/TermTX/build/CY8CPROTO-062-4343W/Debug/main.o
                0x1000735c                handle_error
 *fill*         0x10007362        0x2 
 .text.main     0x10007364      0x100 E:/Cypress/TermTX/build/CY8CPROTO-062-4343W/Debug/main.o
                0x10007364                main
 .text          0x10007464        0x4 c:/users/администратор/modustoolbox/tools_2.0/gcc-7.2.1/bin/../lib/gcc/arm-none-eabi/7.2.1/thumb/v7e-m/fpv4-sp/softfp\libgcc.a(_dvmd_tls.o)
                0x10007464                __aeabi_idiv0
                0x10007464                __aeabi_ldiv0
 .text          0x10007468      0x378 c:/users/администратор/modustoolbox/tools_2.0/gcc-7.2.1/bin/../lib/gcc/arm-none-eabi/7.2.1/thumb/v7e-m/fpv4-sp/softfp\libgcc.a(_arm_addsubdf3.o)
                0x10007468                __aeabi_drsub
                0x10007470                __aeabi_dsub
                0x10007470                __subdf3
                0x10007474                __aeabi_dadd
                0x10007474                __adddf3
                0x100076ec                __floatunsidf
                0x100076ec                __aeabi_ui2d
                0x1000770c                __floatsidf
                0x1000770c                __aeabi_i2d
                0x10007730                __aeabi_f2d
                0x10007730                __extendsfdf2
                0x10007774                __floatundidf
                0x10007774                __aeabi_ul2d
                0x10007784                __floatdidf
                0x10007784                __aeabi_l2d
 .text          0x100077e0      0x424 c:/users/администратор/modustoolbox/tools_2.0/gcc-7.2.1/bin/../lib/gcc/arm-none-eabi/7.2.1/thumb/v7e-m/fpv4-sp/softfp\libgcc.a(_arm_muldivdf3.o)
                0x100077e0                __aeabi_dmul
                0x100077e0                __muldf3
                0x10007a34                __divdf3
                0x10007a34                __aeabi_ddiv
 .text          0x10007c04       0x30 c:/users/администратор/modustoolbox/tools_2.0/gcc-7.2.1/bin/../lib/gcc/arm-none-eabi/7.2.1/thumb/v7e-m/fpv4-sp/softfp\libgcc.a(_aeabi_uldivmod.o)
                0x10007c04                __aeabi_uldivmod
 .text          0x10007c34      0x2cc c:/users/администратор/modustoolbox/tools_2.0/gcc-7.2.1/bin/../lib/gcc/arm-none-eabi/7.2.1/thumb/v7e-m/fpv4-sp/softfp\libgcc.a(_udivmoddi4.o)
                0x10007c34                __udivmoddi4
 .text.__libc_fini_array
                0x10007f00       0x28 c:/users/администратор/modustoolbox/tools_2.0/gcc-7.2.1/bin/../lib/gcc/arm-none-eabi/7.2.1/../../../../arm-none-eabi/lib/thumb/v7e-m/fpv4-sp/softfp\libg_nano.a(lib_a-fini.o)
                0x10007f00                __libc_fini_array
 .text.__libc_init_array
                0x10007f28       0x48 c:/users/администратор/modustoolbox/tools_2.0/gcc-7.2.1/bin/../lib/gcc/arm-none-eabi/7.2.1/../../../../arm-none-eabi/lib/thumb/v7e-m/fpv4-sp/softfp\libg_nano.a(lib_a-init.o)
                0x10007f28                __libc_init_array
 .text.memcpy   0x10007f70       0x16 c:/users/администратор/modustoolbox/tools_2.0/gcc-7.2.1/bin/../lib/gcc/arm-none-eabi/7.2.1/../../../../arm-none-eabi/lib/thumb/v7e-m/fpv4-sp/softfp\libg_nano.a(lib_a-memcpy-stub.o)
                0x10007f70                memcpy
 .text.memset   0x10007f86       0x10 c:/users/администратор/modustoolbox/tools_2.0/gcc-7.2.1/bin/../lib/gcc/arm-none-eabi/7.2.1/../../../../arm-none-eabi/lib/thumb/v7e-m/fpv4-sp/softfp\libg_nano.a(lib_a-memset.o)
                0x10007f86                memset
 .text.__cvt    0x10007f96       0xbc c:/users/администратор/modustoolbox/tools_2.0/gcc-7.2.1/bin/../lib/gcc/arm-none-eabi/7.2.1/../../../../arm-none-eabi/lib/thumb/v7e-m/fpv4-sp/softfp\libg_nano.a(lib_a-nano-vfprintf_float.o)
                0x10007f96                __cvt
 .text.__exponent
                0x10008052       0x66 c:/users/администратор/modustoolbox/tools_2.0/gcc-7.2.1/bin/../lib/gcc/arm-none-eabi/7.2.1/../../../../arm-none-eabi/lib/thumb/v7e-m/fpv4-sp/softfp\libg_nano.a(lib_a-nano-vfprintf_float.o)
                0x10008052                __exponent
 .text._printf_float
                0x100080b8      0x48c c:/users/администратор/modustoolbox/tools_2.0/gcc-7.2.1/bin/../lib/gcc/arm-none-eabi/7.2.1/../../../../arm-none-eabi/lib/thumb/v7e-m/fpv4-sp/softfp\libg_nano.a(lib_a-nano-vfprintf_float.o)
                0x100080b8                _printf_float
 .text._printf_common
                0x10008544       0xea c:/users/администратор/modustoolbox/tools_2.0/gcc-7.2.1/bin/../lib/gcc/arm-none-eabi/7.2.1/../../../../arm-none-eabi/lib/thumb/v7e-m/fpv4-sp/softfp\libg_nano.a(lib_a-nano-vfprintf_i.o)
                0x10008544                _printf_common
 *fill*         0x1000862e        0x2 
 .text._printf_i
                0x10008630      0x224 c:/users/администратор/modustoolbox/tools_2.0/gcc-7.2.1/bin/../lib/gcc/arm-none-eabi/7.2.1/../../../../arm-none-eabi/lib/thumb/v7e-m/fpv4-sp/softfp\libg_nano.a(lib_a-nano-vfprintf_i.o)
                0x10008630                _printf_i
 .text.printf   0x10008854       0x30 c:/users/администратор/modustoolbox/tools_2.0/gcc-7.2.1/bin/../lib/gcc/arm-none-eabi/7.2.1/../../../../arm-none-eabi/lib/thumb/v7e-m/fpv4-sp/softfp\libg_nano.a(lib_a-printf.o)
                0x10008854                iprintf
                0x10008854                printf
 .text._puts_r  0x10008884       0xb8 c:/users/администратор/modustoolbox/tools_2.0/gcc-7.2.1/bin/../lib/gcc/arm-none-eabi/7.2.1/../../../../arm-none-eabi/lib/thumb/v7e-m/fpv4-sp/softfp\libg_nano.a(lib_a-puts.o)
                0x10008884                _puts_r
 .text.puts     0x1000893c       0x10 c:/users/администратор/modustoolbox/tools_2.0/gcc-7.2.1/bin/../lib/gcc/arm-none-eabi/7.2.1/../../../../arm-none-eabi/lib/thumb/v7e-m/fpv4-sp/softfp\libg_nano.a(lib_a-puts.o)
                0x1000893c                puts
 .text          0x1000894c       0x10 c:/users/администратор/modustoolbox/tools_2.0/gcc-7.2.1/bin/../lib/gcc/arm-none-eabi/7.2.1/../../../../arm-none-eabi/lib/thumb/v7e-m/fpv4-sp/softfp\libg_nano.a(lib_a-strlen.o)
                0x1000894c                strlen
 .text.__swbuf_r
                0x1000895c       0xa4 c:/users/администратор/modustoolbox/tools_2.0/gcc-7.2.1/bin/../lib/gcc/arm-none-eabi/7.2.1/../../../../arm-none-eabi/lib/thumb/v7e-m/fpv4-sp/softfp\libg_nano.a(lib_a-wbuf.o)
                0x1000895c                __swbuf_r
 .text.__swsetup_r
                0x10008a00       0xdc c:/users/администратор/modustoolbox/tools_2.0/gcc-7.2.1/bin/../lib/gcc/arm-none-eabi/7.2.1/../../../../arm-none-eabi/lib/thumb/v7e-m/fpv4-sp/softfp\libg_nano.a(lib_a-wsetup.o)
                0x10008a00                __swsetup_r
 .text.quorem   0x10008adc      0x118 c:/users/администратор/modustoolbox/tools_2.0/gcc-7.2.1/bin/../lib/gcc/arm-none-eabi/7.2.1/../../../../arm-none-eabi/lib/thumb/v7e-m/fpv4-sp/softfp\libg_nano.a(lib_a-dtoa.o)
 *fill*         0x10008bf4        0x4 
 .text._dtoa_r  0x10008bf8      0xb7c c:/users/администратор/modustoolbox/tools_2.0/gcc-7.2.1/bin/../lib/gcc/arm-none-eabi/7.2.1/../../../../arm-none-eabi/lib/thumb/v7e-m/fpv4-sp/softfp\libg_nano.a(lib_a-dtoa.o)
                0x10008bf8                _dtoa_r
 .text.__sflush_r
                0x10009774      0x10c c:/users/администратор/modustoolbox/tools_2.0/gcc-7.2.1/bin/../lib/gcc/arm-none-eabi/7.2.1/../../../../arm-none-eabi/lib/thumb/v7e-m/fpv4-sp/softfp\libg_nano.a(lib_a-fflush.o)
                0x10009774                __sflush_r
 .text._fflush_r
                0x10009880       0x54 c:/users/администратор/modustoolbox/tools_2.0/gcc-7.2.1/bin/../lib/gcc/arm-none-eabi/7.2.1/../../../../arm-none-eabi/lib/thumb/v7e-m/fpv4-sp/softfp\libg_nano.a(lib_a-fflush.o)
                0x10009880                _fflush_r
 .text.std      0x100098d4       0x48 c:/users/администратор/modustoolbox/tools_2.0/gcc-7.2.1/bin/../lib/gcc/arm-none-eabi/7.2.1/../../../../arm-none-eabi/lib/thumb/v7e-m/fpv4-sp/softfp\libg_nano.a(lib_a-findfp.o)
 .text._cleanup_r
                0x1000991c        0xc c:/users/администратор/modustoolbox/tools_2.0/gcc-7.2.1/bin/../lib/gcc/arm-none-eabi/7.2.1/../../../../arm-none-eabi/lib/thumb/v7e-m/fpv4-sp/softfp\libg_nano.a(lib_a-findfp.o)
                0x1000991c                _cleanup_r
 .text.__sfmoreglue
                0x10009928       0x2c c:/users/администратор/modustoolbox/tools_2.0/gcc-7.2.1/bin/../lib/gcc/arm-none-eabi/7.2.1/../../../../arm-none-eabi/lib/thumb/v7e-m/fpv4-sp/softfp\libg_nano.a(lib_a-findfp.o)
                0x10009928                __sfmoreglue
 .text.__sinit  0x10009954       0x60 c:/users/администратор/modustoolbox/tools_2.0/gcc-7.2.1/bin/../lib/gcc/arm-none-eabi/7.2.1/../../../../arm-none-eabi/lib/thumb/v7e-m/fpv4-sp/softfp\libg_nano.a(lib_a-findfp.o)
                0x10009954                __sinit
 .text.__sfp    0x100099b4       0x78 c:/users/администратор/modustoolbox/tools_2.0/gcc-7.2.1/bin/../lib/gcc/arm-none-eabi/7.2.1/../../../../arm-none-eabi/lib/thumb/v7e-m/fpv4-sp/softfp\libg_nano.a(lib_a-findfp.o)
                0x100099b4                __sfp
 .text._fwalk_reent
                0x10009a2c       0x3c c:/users/администратор/modustoolbox/tools_2.0/gcc-7.2.1/bin/../lib/gcc/arm-none-eabi/7.2.1/../../../../arm-none-eabi/lib/thumb/v7e-m/fpv4-sp/softfp\libg_nano.a(lib_a-fwalk.o)
                0x10009a2c                _fwalk_reent
 .text._localeconv_r
                0x10009a68       0x1c c:/users/администратор/modustoolbox/tools_2.0/gcc-7.2.1/bin/../lib/gcc/arm-none-eabi/7.2.1/../../../../arm-none-eabi/lib/thumb/v7e-m/fpv4-sp/softfp\libg_nano.a(lib_a-localeconv.o)
                0x10009a68                _localeconv_r
 .text.__swhatbuf_r
                0x10009a84       0x48 c:/users/администратор/modustoolbox/tools_2.0/gcc-7.2.1/bin/../lib/gcc/arm-none-eabi/7.2.1/../../../../arm-none-eabi/lib/thumb/v7e-m/fpv4-sp/softfp\libg_nano.a(lib_a-makebuf.o)
                0x10009a84                __swhatbuf_r
 .text.__smakebuf_r
                0x10009acc       0x80 c:/users/администратор/modustoolbox/tools_2.0/gcc-7.2.1/bin/../lib/gcc/arm-none-eabi/7.2.1/../../../../arm-none-eabi/lib/thumb/v7e-m/fpv4-sp/softfp\libg_nano.a(lib_a-makebuf.o)
                0x10009acc                __smakebuf_r
 .text.malloc   0x10009b4c       0x10 c:/users/администратор/modustoolbox/tools_2.0/gcc-7.2.1/bin/../lib/gcc/arm-none-eabi/7.2.1/../../../../arm-none-eabi/lib/thumb/v7e-m/fpv4-sp/softfp\libg_nano.a(lib_a-malloc.o)
                0x10009b4c                malloc
 .text.__ascii_mbtowc
                0x10009b5c       0x24 c:/users/администратор/modustoolbox/tools_2.0/gcc-7.2.1/bin/../lib/gcc/arm-none-eabi/7.2.1/../../../../arm-none-eabi/lib/thumb/v7e-m/fpv4-sp/softfp\libg_nano.a(lib_a-mbtowc_r.o)
                0x10009b5c                __ascii_mbtowc
 .text          0x10009b80       0xa0 c:/users/администратор/modustoolbox/tools_2.0/gcc-7.2.1/bin/../lib/gcc/arm-none-eabi/7.2.1/../../../../arm-none-eabi/lib/thumb/v7e-m/fpv4-sp/softfp\libg_nano.a(lib_a-memchr.o)
                0x10009b80                memchr
 .text._Balloc  0x10009c20       0x68 c:/users/администратор/modustoolbox/tools_2.0/gcc-7.2.1/bin/../lib/gcc/arm-none-eabi/7.2.1/../../../../arm-none-eabi/lib/thumb/v7e-m/fpv4-sp/softfp\libg_nano.a(lib_a-mprec.o)
                0x10009c20                _Balloc
 .text._Bfree   0x10009c88       0x2e c:/users/администратор/modustoolbox/tools_2.0/gcc-7.2.1/bin/../lib/gcc/arm-none-eabi/7.2.1/../../../../arm-none-eabi/lib/thumb/v7e-m/fpv4-sp/softfp\libg_nano.a(lib_a-mprec.o)
                0x10009c88                _Bfree
 .text.__multadd
                0x10009cb6       0x76 c:/users/администратор/modustoolbox/tools_2.0/gcc-7.2.1/bin/../lib/gcc/arm-none-eabi/7.2.1/../../../../arm-none-eabi/lib/thumb/v7e-m/fpv4-sp/softfp\libg_nano.a(lib_a-mprec.o)
                0x10009cb6                __multadd
 .text.__hi0bits
                0x10009d2c       0x3e c:/users/администратор/modustoolbox/tools_2.0/gcc-7.2.1/bin/../lib/gcc/arm-none-eabi/7.2.1/../../../../arm-none-eabi/lib/thumb/v7e-m/fpv4-sp/softfp\libg_nano.a(lib_a-mprec.o)
                0x10009d2c                __hi0bits
 .text.__lo0bits
                0x10009d6a       0x5e c:/users/администратор/modustoolbox/tools_2.0/gcc-7.2.1/bin/../lib/gcc/arm-none-eabi/7.2.1/../../../../arm-none-eabi/lib/thumb/v7e-m/fpv4-sp/softfp\libg_nano.a(lib_a-mprec.o)
                0x10009d6a                __lo0bits
 .text.__i2b    0x10009dc8       0x12 c:/users/администратор/modustoolbox/tools_2.0/gcc-7.2.1/bin/../lib/gcc/arm-none-eabi/7.2.1/../../../../arm-none-eabi/lib/thumb/v7e-m/fpv4-sp/softfp\libg_nano.a(lib_a-mprec.o)
                0x10009dc8                __i2b
 .text.__multiply
                0x10009dda      0x12c c:/users/администратор/modustoolbox/tools_2.0/gcc-7.2.1/bin/../lib/gcc/arm-none-eabi/7.2.1/../../../../arm-none-eabi/lib/thumb/v7e-m/fpv4-sp/softfp\libg_nano.a(lib_a-mprec.o)
                0x10009dda                __multiply
 *fill*         0x10009f06        0x2 
 .text.__pow5mult
                0x10009f08       0x9c c:/users/администратор/modustoolbox/tools_2.0/gcc-7.2.1/bin/../lib/gcc/arm-none-eabi/7.2.1/../../../../arm-none-eabi/lib/thumb/v7e-m/fpv4-sp/softfp\libg_nano.a(lib_a-mprec.o)
                0x10009f08                __pow5mult
 .text.__lshift
                0x10009fa4       0xa8 c:/users/администратор/modustoolbox/tools_2.0/gcc-7.2.1/bin/../lib/gcc/arm-none-eabi/7.2.1/../../../../arm-none-eabi/lib/thumb/v7e-m/fpv4-sp/softfp\libg_nano.a(lib_a-mprec.o)
                0x10009fa4                __lshift
 .text.__mcmp   0x1000a04c       0x34 c:/users/администратор/modustoolbox/tools_2.0/gcc-7.2.1/bin/../lib/gcc/arm-none-eabi/7.2.1/../../../../arm-none-eabi/lib/thumb/v7e-m/fpv4-sp/softfp\libg_nano.a(lib_a-mprec.o)
                0x1000a04c                __mcmp
 .text.__mdiff  0x1000a080       0xba c:/users/администратор/modustoolbox/tools_2.0/gcc-7.2.1/bin/../lib/gcc/arm-none-eabi/7.2.1/../../../../arm-none-eabi/lib/thumb/v7e-m/fpv4-sp/softfp\libg_nano.a(lib_a-mprec.o)
                0x1000a080                __mdiff
 .text.__d2b    0x1000a13a       0x9e c:/users/администратор/modustoolbox/tools_2.0/gcc-7.2.1/bin/../lib/gcc/arm-none-eabi/7.2.1/../../../../arm-none-eabi/lib/thumb/v7e-m/fpv4-sp/softfp\libg_nano.a(lib_a-mprec.o)
                0x1000a13a                __d2b
 .text._calloc_r
                0x1000a1d8       0x1c c:/users/администратор/modustoolbox/tools_2.0/gcc-7.2.1/bin/../lib/gcc/arm-none-eabi/7.2.1/../../../../arm-none-eabi/lib/thumb/v7e-m/fpv4-sp/softfp\libg_nano.a(lib_a-nano-callocr.o)
                0x1000a1d8                _calloc_r
 .text._free_r  0x1000a1f4       0x9c c:/users/администратор/modustoolbox/tools_2.0/gcc-7.2.1/bin/../lib/gcc/arm-none-eabi/7.2.1/../../../../arm-none-eabi/lib/thumb/v7e-m/fpv4-sp/softfp\libg_nano.a(lib_a-nano-freer.o)
                0x1000a1f4                _free_r
 .text._malloc_r
                0x1000a290       0xb4 c:/users/администратор/modustoolbox/tools_2.0/gcc-7.2.1/bin/../lib/gcc/arm-none-eabi/7.2.1/../../../../arm-none-eabi/lib/thumb/v7e-m/fpv4-sp/softfp\libg_nano.a(lib_a-nano-mallocr.o)
                0x1000a290                _malloc_r
 .text.__sfputc_r
                0x1000a344       0x2e c:/users/администратор/modustoolbox/tools_2.0/gcc-7.2.1/bin/../lib/gcc/arm-none-eabi/7.2.1/../../../../arm-none-eabi/lib/thumb/v7e-m/fpv4-sp/softfp\libg_nano.a(lib_a-nano-vfprintf.o)
 .text.__sfputs_r
                0x1000a372       0x24 c:/users/администратор/modustoolbox/tools_2.0/gcc-7.2.1/bin/../lib/gcc/arm-none-eabi/7.2.1/../../../../arm-none-eabi/lib/thumb/v7e-m/fpv4-sp/softfp\libg_nano.a(lib_a-nano-vfprintf.o)
                0x1000a372                __sfputs_r
 *fill*         0x1000a396        0x2 
 .text._vfprintf_r
                0x1000a398      0x228 c:/users/администратор/modustoolbox/tools_2.0/gcc-7.2.1/bin/../lib/gcc/arm-none-eabi/7.2.1/../../../../arm-none-eabi/lib/thumb/v7e-m/fpv4-sp/softfp\libg_nano.a(lib_a-nano-vfprintf.o)
                0x1000a398                _vfprintf_r
                0x1000a398                _vfiprintf_r
 .text._sbrk_r  0x1000a5c0       0x20 c:/users/администратор/modustoolbox/tools_2.0/gcc-7.2.1/bin/../lib/gcc/arm-none-eabi/7.2.1/../../../../arm-none-eabi/lib/thumb/v7e-m/fpv4-sp/softfp\libg_nano.a(lib_a-sbrkr.o)
                0x1000a5c0                _sbrk_r
 .text.__sread  0x1000a5e0       0x22 c:/users/администратор/modustoolbox/tools_2.0/gcc-7.2.1/bin/../lib/gcc/arm-none-eabi/7.2.1/../../../../arm-none-eabi/lib/thumb/v7e-m/fpv4-sp/softfp\libg_nano.a(lib_a-stdio.o)
                0x1000a5e0                __sread
 .text.__swrite
                0x1000a602       0x38 c:/users/администратор/modustoolbox/tools_2.0/gcc-7.2.1/bin/../lib/gcc/arm-none-eabi/7.2.1/../../../../arm-none-eabi/lib/thumb/v7e-m/fpv4-sp/softfp\libg_nano.a(lib_a-stdio.o)
                0x1000a602                __swrite
 .text.__sseek  0x1000a63a       0x24 c:/users/администратор/modustoolbox/tools_2.0/gcc-7.2.1/bin/../lib/gcc/arm-none-eabi/7.2.1/../../../../arm-none-eabi/lib/thumb/v7e-m/fpv4-sp/softfp\libg_nano.a(lib_a-stdio.o)
                0x1000a63a                __sseek
 .text.__sclose
                0x1000a65e        0x8 c:/users/администратор/modustoolbox/tools_2.0/gcc-7.2.1/bin/../lib/gcc/arm-none-eabi/7.2.1/../../../../arm-none-eabi/lib/thumb/v7e-m/fpv4-sp/softfp\libg_nano.a(lib_a-stdio.o)
                0x1000a65e                __sclose
 .text.__ascii_wctomb
                0x1000a666       0x1a c:/users/администратор/modustoolbox/tools_2.0/gcc-7.2.1/bin/../lib/gcc/arm-none-eabi/7.2.1/../../../../arm-none-eabi/lib/thumb/v7e-m/fpv4-sp/softfp\libg_nano.a(lib_a-wctomb_r.o)
                0x1000a666                __ascii_wctomb
 .text._write_r
                0x1000a680       0x24 c:/users/администратор/modustoolbox/tools_2.0/gcc-7.2.1/bin/../lib/gcc/arm-none-eabi/7.2.1/../../../../arm-none-eabi/lib/thumb/v7e-m/fpv4-sp/softfp\libg_nano.a(lib_a-writer.o)
                0x1000a680                _write_r
 .text._close_r
                0x1000a6a4       0x20 c:/users/администратор/modustoolbox/tools_2.0/gcc-7.2.1/bin/../lib/gcc/arm-none-eabi/7.2.1/../../../../arm-none-eabi/lib/thumb/v7e-m/fpv4-sp/softfp\libg_nano.a(lib_a-closer.o)
                0x1000a6a4                _close_r
 .text._fstat_r
                0x1000a6c4       0x24 c:/users/администратор/modustoolbox/tools_2.0/gcc-7.2.1/bin/../lib/gcc/arm-none-eabi/7.2.1/../../../../arm-none-eabi/lib/thumb/v7e-m/fpv4-sp/softfp\libg_nano.a(lib_a-fstatr.o)
                0x1000a6c4                _fstat_r
 .text._isatty_r
                0x1000a6e8       0x20 c:/users/администратор/modustoolbox/tools_2.0/gcc-7.2.1/bin/../lib/gcc/arm-none-eabi/7.2.1/../../../../arm-none-eabi/lib/thumb/v7e-m/fpv4-sp/softfp\libg_nano.a(lib_a-isattyr.o)
                0x1000a6e8                _isatty_r
 .text._lseek_r
                0x1000a708       0x24 c:/users/администратор/modustoolbox/tools_2.0/gcc-7.2.1/bin/../lib/gcc/arm-none-eabi/7.2.1/../../../../arm-none-eabi/lib/thumb/v7e-m/fpv4-sp/softfp\libg_nano.a(lib_a-lseekr.o)
                0x1000a708                _lseek_r
 .text.__malloc_lock
                0x1000a72c        0x2 c:/users/администратор/modustoolbox/tools_2.0/gcc-7.2.1/bin/../lib/gcc/arm-none-eabi/7.2.1/../../../../arm-none-eabi/lib/thumb/v7e-m/fpv4-sp/softfp\libg_nano.a(lib_a-mlock.o)
                0x1000a72c                __malloc_lock
 .text.__malloc_unlock
                0x1000a72e        0x2 c:/users/администратор/modustoolbox/tools_2.0/gcc-7.2.1/bin/../lib/gcc/arm-none-eabi/7.2.1/../../../../arm-none-eabi/lib/thumb/v7e-m/fpv4-sp/softfp\libg_nano.a(lib_a-mlock.o)
                0x1000a72e                __malloc_unlock
 .text._read_r  0x1000a730       0x24 c:/users/администратор/modustoolbox/tools_2.0/gcc-7.2.1/bin/../lib/gcc/arm-none-eabi/7.2.1/../../../../arm-none-eabi/lib/thumb/v7e-m/fpv4-sp/softfp\libg_nano.a(lib_a-readr.o)
                0x1000a730                _read_r
 .text          0x1000a754      0x110 c:/users/администратор/modustoolbox/tools_2.0/gcc-7.2.1/bin/../lib/gcc/arm-none-eabi/7.2.1/thumb/v7e-m/fpv4-sp/softfp\libgcc.a(_arm_cmpdf2.o)
                0x1000a754                __gtdf2
                0x1000a754                __gedf2
                0x1000a75c                __ltdf2
                0x1000a75c                __ledf2
                0x1000a764                __nedf2
                0x1000a764                __eqdf2
                0x1000a764                __cmpdf2
                0x1000a7e0                __aeabi_cdrcmple
                0x1000a7f0                __aeabi_cdcmpeq
                0x1000a7f0                __aeabi_cdcmple
                0x1000a800                __aeabi_dcmpeq
                0x1000a814                __aeabi_dcmplt
                0x1000a828                __aeabi_dcmple
                0x1000a83c                __aeabi_dcmpge
                0x1000a850                __aeabi_dcmpgt
 .text          0x1000a864       0x2c c:/users/администратор/modustoolbox/tools_2.0/gcc-7.2.1/bin/../lib/gcc/arm-none-eabi/7.2.1/thumb/v7e-m/fpv4-sp/softfp\libgcc.a(_arm_unorddf2.o)
                0x1000a864                __unorddf2
                0x1000a864                __aeabi_dcmpun
 .text          0x1000a890       0x50 c:/users/администратор/modustoolbox/tools_2.0/gcc-7.2.1/bin/../lib/gcc/arm-none-eabi/7.2.1/thumb/v7e-m/fpv4-sp/softfp\libgcc.a(_arm_fixdfsi.o)
                0x1000a890                __aeabi_d2iz
                0x1000a890                __fixdfsi
 .text._close   0x1000a8e0       0x10 c:/users/администратор/modustoolbox/tools_2.0/gcc-7.2.1/bin/../lib/gcc/arm-none-eabi/7.2.1/../../../../arm-none-eabi/lib/thumb/v7e-m/fpv4-sp/softfp\libnosys.a(close.o)
                0x1000a8e0                _close
 .text._fstat   0x1000a8f0       0x10 c:/users/администратор/modustoolbox/tools_2.0/gcc-7.2.1/bin/../lib/gcc/arm-none-eabi/7.2.1/../../../../arm-none-eabi/lib/thumb/v7e-m/fpv4-sp/softfp\libnosys.a(fstat.o)
                0x1000a8f0                _fstat
 .text._isatty  0x1000a900       0x10 c:/users/администратор/modustoolbox/tools_2.0/gcc-7.2.1/bin/../lib/gcc/arm-none-eabi/7.2.1/../../../../arm-none-eabi/lib/thumb/v7e-m/fpv4-sp/softfp\libnosys.a(isatty.o)
                0x1000a900                _isatty
 .text._lseek   0x1000a910       0x10 c:/users/администратор/modustoolbox/tools_2.0/gcc-7.2.1/bin/../lib/gcc/arm-none-eabi/7.2.1/../../../../arm-none-eabi/lib/thumb/v7e-m/fpv4-sp/softfp\libnosys.a(lseek.o)
                0x1000a910                _lseek
 .text._sbrk    0x1000a920       0x1c c:/users/администратор/modustoolbox/tools_2.0/gcc-7.2.1/bin/../lib/gcc/arm-none-eabi/7.2.1/../../../../arm-none-eabi/lib/thumb/v7e-m/fpv4-sp/softfp\libnosys.a(sbrk.o)
                0x1000a920                _sbrk
 *(.init)
 .init          0x1000a93c        0x4 c:/users/администратор/modustoolbox/tools_2.0/gcc-7.2.1/bin/../lib/gcc/arm-none-eabi/7.2.1/thumb/v7e-m/fpv4-sp/softfp/crti.o
                0x1000a93c                _init
 .init          0x1000a940        0x8 c:/users/администратор/modustoolbox/tools_2.0/gcc-7.2.1/bin/../lib/gcc/arm-none-eabi/7.2.1/thumb/v7e-m/fpv4-sp/softfp/crtn.o
 *(.fini)
 .fini          0x1000a948        0x4 c:/users/администратор/modustoolbox/tools_2.0/gcc-7.2.1/bin/../lib/gcc/arm-none-eabi/7.2.1/thumb/v7e-m/fpv4-sp/softfp/crti.o
                0x1000a948                _fini
 .fini          0x1000a94c        0x8 c:/users/администратор/modustoolbox/tools_2.0/gcc-7.2.1/bin/../lib/gcc/arm-none-eabi/7.2.1/thumb/v7e-m/fpv4-sp/softfp/crtn.o
 *crtbegin.o(.ctors)
 *crtbegin?.o(.ctors)
 *(EXCLUDE_FILE(*crtend.o *crtend?.o) .ctors)
 *(SORT_BY_NAME(.ctors.*))
 *(.ctors)
 *crtbegin.o(.dtors)
 *crtbegin?.o(.dtors)
 *(EXCLUDE_FILE(*crtend.o *crtend?.o) .dtors)
 *(SORT_BY_NAME(.dtors.*))
 *(.dtors)
 *(.rodata .rodata.* .constdata .constdata.* .conststring .conststring.*)
 .rodata.CYBSP_CSD_CLK_DIV_obj
                0x1000a954        0x3 E:/Cypress/TermTX/build/CY8CPROTO-062-4343W/Debug/libs/TARGET_CY8CPROTO-062-4343W/COMPONENT_BSP_DESIGN_MODUS/GeneratedSource/cycfg_clocks.o
                0x1000a954                CYBSP_CSD_CLK_DIV_obj
 *fill*         0x1000a957        0x1 
 .rodata.peri_0_div_16_0_obj
                0x1000a958        0x3 E:/Cypress/TermTX/build/CY8CPROTO-062-4343W/Debug/libs/TARGET_CY8CPROTO-062-4343W/COMPONENT_BSP_DESIGN_MODUS/GeneratedSource/cycfg_clocks.o
                0x1000a958                peri_0_div_16_0_obj
 *fill*         0x1000a95b        0x1 
 .rodata.peri_0_div_16_1_obj
                0x1000a95c        0x3 E:/Cypress/TermTX/build/CY8CPROTO-062-4343W/Debug/libs/TARGET_CY8CPROTO-062-4343W/COMPONENT_BSP_DESIGN_MODUS/GeneratedSource/cycfg_clocks.o
                0x1000a95c                peri_0_div_16_1_obj
 *fill*         0x1000a95f        0x1 
 .rodata.ADCT_config
                0x1000a960       0x78 E:/Cypress/TermTX/build/CY8CPROTO-062-4343W/Debug/libs/TARGET_CY8CPROTO-062-4343W/COMPONENT_BSP_DESIGN_MODUS/GeneratedSource/cycfg_peripherals.o
                0x1000a960                ADCT_config
 .rodata.ADCT_obj
                0x1000a9d8        0x3 E:/Cypress/TermTX/build/CY8CPROTO-062-4343W/Debug/libs/TARGET_CY8CPROTO-062-4343W/COMPONENT_BSP_DESIGN_MODUS/GeneratedSource/cycfg_peripherals.o
                0x1000a9d8                ADCT_obj
 *fill*         0x1000a9db        0x1 
 .rodata.ADC_REF_config
                0x1000a9dc       0x10 E:/Cypress/TermTX/build/CY8CPROTO-062-4343W/Debug/libs/TARGET_CY8CPROTO-062-4343W/COMPONENT_BSP_DESIGN_MODUS/GeneratedSource/cycfg_peripherals.o
                0x1000a9dc                ADC_REF_config
 .rodata.RTC_config
                0x1000a9ec       0x20 E:/Cypress/TermTX/build/CY8CPROTO-062-4343W/Debug/libs/TARGET_CY8CPROTO-062-4343W/COMPONENT_BSP_DESIGN_MODUS/GeneratedSource/cycfg_peripherals.o
                0x1000a9ec                RTC_config
 .rodata.RTC_obj
                0x1000aa0c        0x3 E:/Cypress/TermTX/build/CY8CPROTO-062-4343W/Debug/libs/TARGET_CY8CPROTO-062-4343W/COMPONENT_BSP_DESIGN_MODUS/GeneratedSource/cycfg_peripherals.o
                0x1000aa0c                RTC_obj
 *fill*         0x1000aa0f        0x1 
 .rodata.TIMER_TRANSMITTER_obj
                0x1000aa10        0x3 E:/Cypress/TermTX/build/CY8CPROTO-062-4343W/Debug/libs/TARGET_CY8CPROTO-062-4343W/COMPONENT_BSP_DESIGN_MODUS/GeneratedSource/cycfg_peripherals.o
                0x1000aa10                TIMER_TRANSMITTER_obj
 *fill*         0x1000aa13        0x1 
 .rodata.lcd_0_drive_0_obj
                0x1000aa14        0x3 E:/Cypress/TermTX/build/CY8CPROTO-062-4343W/Debug/libs/TARGET_CY8CPROTO-062-4343W/COMPONENT_BSP_DESIGN_MODUS/GeneratedSource/cycfg_peripherals.o
                0x1000aa14                lcd_0_drive_0_obj
 *fill*         0x1000aa17        0x1 
 .rodata.BTN_config
                0x1000aa18       0x34 E:/Cypress/TermTX/build/CY8CPROTO-062-4343W/Debug/libs/TARGET_CY8CPROTO-062-4343W/COMPONENT_BSP_DESIGN_MODUS/GeneratedSource/cycfg_pins.o
                0x1000aa18                BTN_config
 .rodata.BTN_obj
                0x1000aa4c        0x3 E:/Cypress/TermTX/build/CY8CPROTO-062-4343W/Debug/libs/TARGET_CY8CPROTO-062-4343W/COMPONENT_BSP_DESIGN_MODUS/GeneratedSource/cycfg_pins.o
                0x1000aa4c                BTN_obj
 *fill*         0x1000aa4f        0x1 
 .rodata.CYBSP_CINA_obj
                0x1000aa50        0x3 E:/Cypress/TermTX/build/CY8CPROTO-062-4343W/Debug/libs/TARGET_CY8CPROTO-062-4343W/COMPONENT_BSP_DESIGN_MODUS/GeneratedSource/cycfg_pins.o
                0x1000aa50                CYBSP_CINA_obj
 *fill*         0x1000aa53        0x1 
 .rodata.CYBSP_CINB_obj
                0x1000aa54        0x3 E:/Cypress/TermTX/build/CY8CPROTO-062-4343W/Debug/libs/TARGET_CY8CPROTO-062-4343W/COMPONENT_BSP_DESIGN_MODUS/GeneratedSource/cycfg_pins.o
                0x1000aa54                CYBSP_CINB_obj
 *fill*         0x1000aa57        0x1 
 .rodata.CYBSP_CMOD_obj
                0x1000aa58        0x3 E:/Cypress/TermTX/build/CY8CPROTO-062-4343W/Debug/libs/TARGET_CY8CPROTO-062-4343W/COMPONENT_BSP_DESIGN_MODUS/GeneratedSource/cycfg_pins.o
                0x1000aa58                CYBSP_CMOD_obj
 *fill*         0x1000aa5b        0x1 
 .rodata.CYBSP_CSD_BTN0_obj
                0x1000aa5c        0x3 E:/Cypress/TermTX/build/CY8CPROTO-062-4343W/Debug/libs/TARGET_CY8CPROTO-062-4343W/COMPONENT_BSP_DESIGN_MODUS/GeneratedSource/cycfg_pins.o
                0x1000aa5c                CYBSP_CSD_BTN0_obj
 *fill*         0x1000aa5f        0x1 
 .rodata.CYBSP_CSD_BTN1_obj
                0x1000aa60        0x3 E:/Cypress/TermTX/build/CY8CPROTO-062-4343W/Debug/libs/TARGET_CY8CPROTO-062-4343W/COMPONENT_BSP_DESIGN_MODUS/GeneratedSource/cycfg_pins.o
                0x1000aa60                CYBSP_CSD_BTN1_obj
 *fill*         0x1000aa63        0x1 
 .rodata.CYBSP_CSD_SLD0_obj
                0x1000aa64        0x3 E:/Cypress/TermTX/build/CY8CPROTO-062-4343W/Debug/libs/TARGET_CY8CPROTO-062-4343W/COMPONENT_BSP_DESIGN_MODUS/GeneratedSource/cycfg_pins.o
                0x1000aa64                CYBSP_CSD_SLD0_obj
 *fill*         0x1000aa67        0x1 
 .rodata.CYBSP_CSD_SLD1_obj
                0x1000aa68        0x3 E:/Cypress/TermTX/build/CY8CPROTO-062-4343W/Debug/libs/TARGET_CY8CPROTO-062-4343W/COMPONENT_BSP_DESIGN_MODUS/GeneratedSource/cycfg_pins.o
                0x1000aa68                CYBSP_CSD_SLD1_obj
 *fill*         0x1000aa6b        0x1 
 .rodata.CYBSP_CSD_SLD2_obj
                0x1000aa6c        0x3 E:/Cypress/TermTX/build/CY8CPROTO-062-4343W/Debug/libs/TARGET_CY8CPROTO-062-4343W/COMPONENT_BSP_DESIGN_MODUS/GeneratedSource/cycfg_pins.o
                0x1000aa6c                CYBSP_CSD_SLD2_obj
 *fill*         0x1000aa6f        0x1 
 .rodata.CYBSP_CSD_SLD3_obj
                0x1000aa70        0x3 E:/Cypress/TermTX/build/CY8CPROTO-062-4343W/Debug/libs/TARGET_CY8CPROTO-062-4343W/COMPONENT_BSP_DESIGN_MODUS/GeneratedSource/cycfg_pins.o
                0x1000aa70                CYBSP_CSD_SLD3_obj
 *fill*         0x1000aa73        0x1 
 .rodata.CYBSP_CSD_SLD4_obj
                0x1000aa74        0x3 E:/Cypress/TermTX/build/CY8CPROTO-062-4343W/Debug/libs/TARGET_CY8CPROTO-062-4343W/COMPONENT_BSP_DESIGN_MODUS/GeneratedSource/cycfg_pins.o
                0x1000aa74                CYBSP_CSD_SLD4_obj
 *fill*         0x1000aa77        0x1 
 .rodata.CYBSP_CSD_TX_obj
                0x1000aa78        0x3 E:/Cypress/TermTX/build/CY8CPROTO-062-4343W/Debug/libs/TARGET_CY8CPROTO-062-4343W/COMPONENT_BSP_DESIGN_MODUS/GeneratedSource/cycfg_pins.o